timestamp=2026-08-20T16:00:00.000Z level=DEBUG subsystem=Modbus eventCode=MODBUS_READ_OK entityId=PUMP-01 site=NORTH-RIDGE-17 gateway=GW-204 firmware=3.14.8-rc1 interface=rs485-1 latencyMs=18 queueDepth=2 reconnectCount=0 rssiDbm=-63 diskUsagePct=41 message="Field device register read completed"
timestamp=2026-08-20T16:00:12.000Z level=INFO subsystem=Telemetry eventCode=UPLOAD_OK entityId=PUMP-02 site=NORTH-RIDGE-17 gateway=GW-204 firmware=3.14.8-rc1 interface=cell0 latencyMs=22 queueDepth=3 reconnectCount=0 rssiDbm=-64 diskUsagePct=42 message="Telemetry batch uploaded successfully"
timestamp=2026-08-20T16:00:24.000Z level=INFO subsystem=Network eventCode=LINK_HEALTH entityId=RTU-07 site=NORTH-RIDGE-17 gateway=GW-204 firmware=3.14.8-rc1 interface=cell0 latencyMs=26 queueDepth=4 reconnectCount=0 rssiDbm=-65 diskUsagePct=43 message="Cellular link health check completed"
timestamp=2026-08-20T16:00:36.000Z level=DEBUG subsystem=Storage eventCode=BUFFER_STABLE entityId=PLC-03 site=NORTH-RIDGE-17 gateway=GW-204 firmware=3.14.8-rc1 interface=rs485-1 latencyMs=30 queueDepth=5 reconnectCount=0 rssiDbm=-66 diskUsagePct=44 message="Local telemetry buffer remained within target"
timestamp=2026-08-20T16:00:48.000Z level=INFO subsystem=Sync eventCode=SYNC_OK entityId=FLOW-12 site=NORTH-RIDGE-17 gateway=GW-204 firmware=3.14.8-rc1 interface=cell0 latencyMs=34 queueDepth=6 reconnectCount=0 rssiDbm=-63 diskUsagePct=45 message="Upstream synchronization completed"
timestamp=2026-08-20T16:01:00.000Z level=INFO subsystem=Watchdog eventCode=WORKER_HEALTH entityId=PRESS-04 site=NORTH-RIDGE-17 gateway=GW-204 firmware=3.14.8-rc1 interface=rs485-1 latencyMs=38 queueDepth=2 reconnectCount=0 rssiDbm=-64 diskUsagePct=46 message="Gateway worker timing remained within target"
timestamp=2026-08-20T16:01:12.000Z level=DEBUG subsystem=Modbus eventCode=MODBUS_READ_OK entityId=PUMP-01 site=NORTH-RIDGE-17 gateway=GW-204 firmware=3.14.8-rc1 interface=rs485-1 latencyMs=42 queueDepth=3 reconnectCount=0 rssiDbm=-65 diskUsagePct=41 message="Field device register read completed"
timestamp=2026-08-20T16:01:24.000Z level=INFO subsystem=Telemetry eventCode=UPLOAD_OK entityId=PUMP-02 site=NORTH-RIDGE-17 gateway=GW-204 firmware=3.14.8-rc1 interface=cell0 latencyMs=46 queueDepth=4 reconnectCount=0 rssiDbm=-66 diskUsagePct=42 message="Telemetry batch uploaded successfully"
timestamp=2026-08-20T16:01:36.000Z level=INFO subsystem=Network eventCode=LINK_HEALTH entityId=RTU-07 site=NORTH-RIDGE-17 gateway=GW-204 firmware=3.14.8-rc1 interface=cell0 latencyMs=50 queueDepth=5 reconnectCount=0 rssiDbm=-63 diskUsagePct=43 message="Cellular link health check completed"
timestamp=2026-08-20T16:01:48.000Z level=DEBUG subsystem=Storage eventCode=BUFFER_STABLE entityId=PLC-03 site=NORTH-RIDGE-17 gateway=GW-204 firmware=3.14.8-rc1 interface=rs485-1 latencyMs=18 queueDepth=6 reconnectCount=0 rssiDbm=-64 diskUsagePct=44 message="Local telemetry buffer remained within target"
timestamp=2026-08-20T16:02:00.000Z level=INFO subsystem=Sync eventCode=SYNC_OK entityId=FLOW-12 site=NORTH-RIDGE-17 gateway=GW-204 firmware=3.14.8-rc1 interface=cell0 latencyMs=22 queueDepth=2 reconnectCount=0 rssiDbm=-65 diskUsagePct=45 message="Upstream synchronization completed"
timestamp=2026-08-20T16:02:12.000Z level=INFO subsystem=Watchdog eventCode=WORKER_HEALTH entityId=PRESS-04 site=NORTH-RIDGE-17 gateway=GW-204 firmware=3.14.8-rc1 interface=rs485-1 latencyMs=26 queueDepth=3 reconnectCount=0 rssiDbm=-66 diskUsagePct=46 message="Gateway worker timing remained within target"
timestamp=2026-08-20T16:02:24.000Z level=DEBUG subsystem=Modbus eventCode=MODBUS_READ_OK entityId=PUMP-01 site=NORTH-RIDGE-17 gateway=GW-204 firmware=3.14.8-rc1 interface=rs485-1 latencyMs=30 queueDepth=4 reconnectCount=0 rssiDbm=-63 diskUsagePct=41 message="Field device register read completed"
timestamp=2026-08-20T16:02:36.000Z level=INFO subsystem=Telemetry eventCode=UPLOAD_OK entityId=PUMP-02 site=NORTH-RIDGE-17 gateway=GW-204 firmware=3.14.8-rc1 interface=cell0 latencyMs=34 queueDepth=5 reconnectCount=0 rssiDbm=-64 diskUsagePct=42 message="Telemetry batch uploaded successfully"
timestamp=2026-08-20T16:02:48.000Z level=INFO subsystem=Network eventCode=LINK_HEALTH entityId=RTU-07 site=NORTH-RIDGE-17 gateway=GW-204 firmware=3.14.8-rc1 interface=cell0 latencyMs=38 queueDepth=6 reconnectCount=0 rssiDbm=-65 diskUsagePct=43 message="Cellular link health check completed"
timestamp=2026-08-20T16:03:00.000Z level=DEBUG subsystem=Storage eventCode=BUFFER_STABLE entityId=PLC-03 site=NORTH-RIDGE-17 gateway=GW-204 firmware=3.14.8-rc1 interface=rs485-1 latencyMs=42 queueDepth=2 reconnectCount=0 rssiDbm=-66 diskUsagePct=44 message="Local telemetry buffer remained within target"
timestamp=2026-08-20T16:03:12.000Z level=INFO subsystem=Sync eventCode=SYNC_OK entityId=FLOW-12 site=NORTH-RIDGE-17 gateway=GW-204 firmware=3.14.8-rc1 interface=cell0 latencyMs=46 queueDepth=3 reconnectCount=0 rssiDbm=-63 diskUsagePct=45 message="Upstream synchronization completed"
timestamp=2026-08-20T16:03:24.000Z level=INFO subsystem=Watchdog eventCode=WORKER_HEALTH entityId=PRESS-04 site=NORTH-RIDGE-17 gateway=GW-204 firmware=3.14.8-rc1 interface=rs485-1 latencyMs=50 queueDepth=4 reconnectCount=0 rssiDbm=-64 diskUsagePct=46 message="Gateway worker timing remained within target"
timestamp=2026-08-20T16:03:36.000Z level=DEBUG subsystem=Modbus eventCode=MODBUS_READ_OK entityId=PUMP-01 site=NORTH-RIDGE-17 gateway=GW-204 firmware=3.14.8-rc1 interface=rs485-1 latencyMs=18 queueDepth=5 reconnectCount=0 rssiDbm=-65 diskUsagePct=41 message="Field device register read completed"
timestamp=2026-08-20T16:03:48.000Z level=INFO subsystem=Telemetry eventCode=UPLOAD_OK entityId=PUMP-02 site=NORTH-RIDGE-17 gateway=GW-204 firmware=3.14.8-rc1 interface=cell0 latencyMs=22 queueDepth=6 reconnectCount=0 rssiDbm=-66 diskUsagePct=42 message="Telemetry batch uploaded successfully"
timestamp=2026-08-20T16:04:00.000Z level=INFO subsystem=Network eventCode=LINK_HEALTH entityId=RTU-07 site=NORTH-RIDGE-17 gateway=GW-204 firmware=3.14.8-rc1 interface=cell0 latencyMs=26 queueDepth=2 reconnectCount=0 rssiDbm=-63 diskUsagePct=43 message="Cellular link health check completed"
timestamp=2026-08-20T16:04:12.000Z level=DEBUG subsystem=Storage eventCode=BUFFER_STABLE entityId=PLC-03 site=NORTH-RIDGE-17 gateway=GW-204 firmware=3.14.8-rc1 interface=rs485-1 latencyMs=30 queueDepth=3 reconnectCount=0 rssiDbm=-64 diskUsagePct=44 message="Local telemetry buffer remained within target"
timestamp=2026-08-20T16:04:24.000Z level=INFO subsystem=Sync eventCode=SYNC_OK entityId=FLOW-12 site=NORTH-RIDGE-17 gateway=GW-204 firmware=3.14.8-rc1 interface=cell0 latencyMs=34 queueDepth=4 reconnectCount=0 rssiDbm=-65 diskUsagePct=45 message="Upstream synchronization completed"
timestamp=2026-08-20T16:04:36.000Z level=INFO subsystem=Watchdog eventCode=WORKER_HEALTH entityId=PRESS-04 site=NORTH-RIDGE-17 gateway=GW-204 firmware=3.14.8-rc1 interface=rs485-1 latencyMs=38 queueDepth=5 reconnectCount=0 rssiDbm=-66 diskUsagePct=46 message="Gateway worker timing remained within target"
timestamp=2026-08-20T16:04:48.000Z level=DEBUG subsystem=Modbus eventCode=MODBUS_READ_OK entityId=PUMP-01 site=NORTH-RIDGE-17 gateway=GW-204 firmware=3.14.8-rc1 interface=rs485-1 latencyMs=42 queueDepth=6 reconnectCount=0 rssiDbm=-63 diskUsagePct=41 message="Field device register read completed"
timestamp=2026-08-20T16:05:00.000Z level=INFO subsystem=Telemetry eventCode=UPLOAD_OK entityId=PUMP-02 site=NORTH-RIDGE-17 gateway=GW-204 firmware=3.14.8-rc1 interface=cell0 latencyMs=46 queueDepth=2 reconnectCount=0 rssiDbm=-64 diskUsagePct=42 message="Telemetry batch uploaded successfully"
timestamp=2026-08-20T16:05:12.000Z level=INFO subsystem=Network eventCode=LINK_HEALTH entityId=RTU-07 site=NORTH-RIDGE-17 gateway=GW-204 firmware=3.14.8-rc1 interface=cell0 latencyMs=50 queueDepth=3 reconnectCount=0 rssiDbm=-65 diskUsagePct=43 message="Cellular link health check completed"
timestamp=2026-08-20T16:05:24.000Z level=DEBUG subsystem=Storage eventCode=BUFFER_STABLE entityId=PLC-03 site=NORTH-RIDGE-17 gateway=GW-204 firmware=3.14.8-rc1 interface=rs485-1 latencyMs=18 queueDepth=4 reconnectCount=0 rssiDbm=-66 diskUsagePct=44 message="Local telemetry buffer remained within target"
timestamp=2026-08-20T16:05:36.000Z level=INFO subsystem=Sync eventCode=SYNC_OK entityId=FLOW-12 site=NORTH-RIDGE-17 gateway=GW-204 firmware=3.14.8-rc1 interface=cell0 latencyMs=22 queueDepth=5 reconnectCount=0 rssiDbm=-63 diskUsagePct=45 message="Upstream synchronization completed"
timestamp=2026-08-20T16:05:48.000Z level=INFO subsystem=Watchdog eventCode=WORKER_HEALTH entityId=PRESS-04 site=NORTH-RIDGE-17 gateway=GW-204 firmware=3.14.8-rc1 interface=rs485-1 latencyMs=26 queueDepth=6 reconnectCount=0 rssiDbm=-64 diskUsagePct=46 message="Gateway worker timing remained within target"
timestamp=2026-08-20T16:06:00.000Z level=DEBUG subsystem=Modbus eventCode=MODBUS_READ_OK entityId=PUMP-01 site=NORTH-RIDGE-17 gateway=GW-204 firmware=3.14.8-rc1 interface=rs485-1 latencyMs=30 queueDepth=2 reconnectCount=0 rssiDbm=-65 diskUsagePct=41 message="Field device register read completed"
timestamp=2026-08-20T16:06:12.000Z level=INFO subsystem=Telemetry eventCode=UPLOAD_OK entityId=PUMP-02 site=NORTH-RIDGE-17 gateway=GW-204 firmware=3.14.8-rc1 interface=cell0 latencyMs=34 queueDepth=3 reconnectCount=0 rssiDbm=-66 diskUsagePct=42 message="Telemetry batch uploaded successfully"
timestamp=2026-08-20T16:06:24.000Z level=INFO subsystem=Network eventCode=LINK_HEALTH entityId=RTU-07 site=NORTH-RIDGE-17 gateway=GW-204 firmware=3.14.8-rc1 interface=cell0 latencyMs=38 queueDepth=4 reconnectCount=0 rssiDbm=-63 diskUsagePct=43 message="Cellular link health check completed"
timestamp=2026-08-20T16:06:36.000Z level=DEBUG subsystem=Storage eventCode=BUFFER_STABLE entityId=PLC-03 site=NORTH-RIDGE-17 gateway=GW-204 firmware=3.14.8-rc1 interface=rs485-1 latencyMs=42 queueDepth=5 reconnectCount=0 rssiDbm=-64 diskUsagePct=44 message="Local telemetry buffer remained within target"
timestamp=2026-08-20T16:06:48.000Z level=INFO subsystem=Sync eventCode=SYNC_OK entityId=FLOW-12 site=NORTH-RIDGE-17 gateway=GW-204 firmware=3.14.8-rc1 interface=cell0 latencyMs=46 queueDepth=6 reconnectCount=0 rssiDbm=-65 diskUsagePct=45 message="Upstream synchronization completed"
timestamp=2026-08-20T16:07:00.000Z level=INFO subsystem=Watchdog eventCode=WORKER_HEALTH entityId=PRESS-04 site=NORTH-RIDGE-17 gateway=GW-204 firmware=3.14.8-rc1 interface=rs485-1 latencyMs=50 queueDepth=2 reconnectCount=0 rssiDbm=-66 diskUsagePct=46 message="Gateway worker timing remained within target"
timestamp=2026-08-20T16:07:12.000Z level=DEBUG subsystem=Modbus eventCode=MODBUS_READ_OK entityId=PUMP-01 site=NORTH-RIDGE-17 gateway=GW-204 firmware=3.14.8-rc1 interface=rs485-1 latencyMs=18 queueDepth=3 reconnectCount=0 rssiDbm=-63 diskUsagePct=41 message="Field device register read completed"
timestamp=2026-08-20T16:07:24.000Z level=INFO subsystem=Telemetry eventCode=UPLOAD_OK entityId=PUMP-02 site=NORTH-RIDGE-17 gateway=GW-204 firmware=3.14.8-rc1 interface=cell0 latencyMs=22 queueDepth=4 reconnectCount=0 rssiDbm=-64 diskUsagePct=42 message="Telemetry batch uploaded successfully"
timestamp=2026-08-20T16:07:36.000Z level=INFO subsystem=Network eventCode=LINK_HEALTH entityId=RTU-07 site=NORTH-RIDGE-17 gateway=GW-204 firmware=3.14.8-rc1 interface=cell0 latencyMs=26 queueDepth=5 reconnectCount=0 rssiDbm=-65 diskUsagePct=43 message="Cellular link health check completed"
timestamp=2026-08-20T16:07:48.000Z level=DEBUG subsystem=Storage eventCode=BUFFER_STABLE entityId=PLC-03 site=NORTH-RIDGE-17 gateway=GW-204 firmware=3.14.8-rc1 interface=rs485-1 latencyMs=30 queueDepth=6 reconnectCount=0 rssiDbm=-66 diskUsagePct=44 message="Local telemetry buffer remained within target"
timestamp=2026-08-20T16:08:00.000Z level=INFO subsystem=Sync eventCode=SYNC_OK entityId=FLOW-12 site=NORTH-RIDGE-17 gateway=GW-204 firmware=3.14.8-rc1 interface=cell0 latencyMs=34 queueDepth=2 reconnectCount=0 rssiDbm=-63 diskUsagePct=45 message="Upstream synchronization completed"
timestamp=2026-08-20T16:08:12.000Z level=INFO subsystem=Watchdog eventCode=WORKER_HEALTH entityId=PRESS-04 site=NORTH-RIDGE-17 gateway=GW-204 firmware=3.14.8-rc1 interface=rs485-1 latencyMs=38 queueDepth=3 reconnectCount=0 rssiDbm=-64 diskUsagePct=46 message="Gateway worker timing remained within target"
timestamp=2026-08-20T16:08:24.000Z level=DEBUG subsystem=Modbus eventCode=MODBUS_READ_OK entityId=PUMP-01 site=NORTH-RIDGE-17 gateway=GW-204 firmware=3.14.8-rc1 interface=rs485-1 latencyMs=42 queueDepth=4 reconnectCount=0 rssiDbm=-65 diskUsagePct=41 message="Field device register read completed"
timestamp=2026-08-20T16:08:36.000Z level=INFO subsystem=Telemetry eventCode=UPLOAD_OK entityId=PUMP-02 site=NORTH-RIDGE-17 gateway=GW-204 firmware=3.14.8-rc1 interface=cell0 latencyMs=46 queueDepth=5 reconnectCount=0 rssiDbm=-66 diskUsagePct=42 message="Telemetry batch uploaded successfully"
timestamp=2026-08-20T16:08:48.000Z level=INFO subsystem=Network eventCode=LINK_HEALTH entityId=RTU-07 site=NORTH-RIDGE-17 gateway=GW-204 firmware=3.14.8-rc1 interface=cell0 latencyMs=50 queueDepth=6 reconnectCount=0 rssiDbm=-63 diskUsagePct=43 message="Cellular link health check completed"
timestamp=2026-08-20T16:09:00.000Z level=DEBUG subsystem=Storage eventCode=BUFFER_STABLE entityId=PLC-03 site=NORTH-RIDGE-17 gateway=GW-204 firmware=3.14.8-rc1 interface=rs485-1 latencyMs=18 queueDepth=2 reconnectCount=0 rssiDbm=-64 diskUsagePct=44 message="Local telemetry buffer remained within target"
timestamp=2026-08-20T16:09:12.000Z level=INFO subsystem=Sync eventCode=SYNC_OK entityId=FLOW-12 site=NORTH-RIDGE-17 gateway=GW-204 firmware=3.14.8-rc1 interface=cell0 latencyMs=22 queueDepth=3 reconnectCount=0 rssiDbm=-65 diskUsagePct=45 message="Upstream synchronization completed"
timestamp=2026-08-20T16:09:24.000Z level=INFO subsystem=Watchdog eventCode=WORKER_HEALTH entityId=PRESS-04 site=NORTH-RIDGE-17 gateway=GW-204 firmware=3.14.8-rc1 interface=rs485-1 latencyMs=26 queueDepth=4 reconnectCount=0 rssiDbm=-66 diskUsagePct=46 message="Gateway worker timing remained within target"
timestamp=2026-08-20T16:09:36.000Z level=DEBUG subsystem=Modbus eventCode=MODBUS_READ_OK entityId=PUMP-01 site=NORTH-RIDGE-17 gateway=GW-204 firmware=3.14.8-rc1 interface=rs485-1 latencyMs=30 queueDepth=5 reconnectCount=0 rssiDbm=-63 diskUsagePct=41 message="Field device register read completed"
timestamp=2026-08-20T16:09:48.000Z level=INFO subsystem=Telemetry eventCode=UPLOAD_OK entityId=PUMP-02 site=NORTH-RIDGE-17 gateway=GW-204 firmware=3.14.8-rc1 interface=cell0 latencyMs=34 queueDepth=6 reconnectCount=0 rssiDbm=-64 diskUsagePct=42 message="Telemetry batch uploaded successfully"
timestamp=2026-08-20T16:10:00.000Z level=INFO subsystem=Network eventCode=LINK_HEALTH entityId=RTU-07 site=NORTH-RIDGE-17 gateway=GW-204 firmware=3.14.8-rc1 interface=cell0 latencyMs=38 queueDepth=2 reconnectCount=0 rssiDbm=-65 diskUsagePct=43 message="Cellular link health check completed"
timestamp=2026-08-20T16:10:12.000Z level=DEBUG subsystem=Storage eventCode=BUFFER_STABLE entityId=PLC-03 site=NORTH-RIDGE-17 gateway=GW-204 firmware=3.14.8-rc1 interface=rs485-1 latencyMs=42 queueDepth=3 reconnectCount=0 rssiDbm=-66 diskUsagePct=44 message="Local telemetry buffer remained within target"
timestamp=2026-08-20T16:10:24.000Z level=INFO subsystem=Sync eventCode=SYNC_OK entityId=FLOW-12 site=NORTH-RIDGE-17 gateway=GW-204 firmware=3.14.8-rc1 interface=cell0 latencyMs=46 queueDepth=4 reconnectCount=0 rssiDbm=-63 diskUsagePct=45 message="Upstream synchronization completed"
timestamp=2026-08-20T16:10:36.000Z level=INFO subsystem=Watchdog eventCode=WORKER_HEALTH entityId=PRESS-04 site=NORTH-RIDGE-17 gateway=GW-204 firmware=3.14.8-rc1 interface=rs485-1 latencyMs=50 queueDepth=5 reconnectCount=0 rssiDbm=-64 diskUsagePct=46 message="Gateway worker timing remained within target"
timestamp=2026-08-20T16:10:48.000Z level=DEBUG subsystem=Modbus eventCode=MODBUS_READ_OK entityId=PUMP-01 site=NORTH-RIDGE-17 gateway=GW-204 firmware=3.14.8-rc1 interface=rs485-1 latencyMs=18 queueDepth=6 reconnectCount=0 rssiDbm=-65 diskUsagePct=41 message="Field device register read completed"
timestamp=2026-08-20T16:11:00.000Z level=INFO subsystem=Telemetry eventCode=UPLOAD_OK entityId=PUMP-02 site=NORTH-RIDGE-17 gateway=GW-204 firmware=3.14.8-rc1 interface=cell0 latencyMs=22 queueDepth=2 reconnectCount=0 rssiDbm=-66 diskUsagePct=42 message="Telemetry batch uploaded successfully"
timestamp=2026-08-20T16:11:03.000Z level=WARN subsystem=Network eventCode=SIGNAL_LOW entityId=PLC-03 site=NORTH-RIDGE-17 gateway=GW-204 firmware=3.14.8-rc1 interface=cell0 latencyMs=180 queueDepth=6 reconnectCount=1 rssiDbm=-84 diskUsagePct=46 message="Cellular signal dropped below operating margin"
timestamp=2026-08-20T16:11:12.000Z level=INFO subsystem=Network eventCode=LINK_HEALTH entityId=RTU-07 site=NORTH-RIDGE-17 gateway=GW-204 firmware=3.14.8-rc1 interface=cell0 latencyMs=26 queueDepth=3 reconnectCount=0 rssiDbm=-63 diskUsagePct=43 message="Cellular link health check completed"
timestamp=2026-08-20T16:11:21.000Z level=WARN subsystem=Network eventCode=LINK_RETRY entityId=PLC-03 site=NORTH-RIDGE-17 gateway=GW-204 firmware=3.14.8-rc1 interface=cell0 latencyMs=180 queueDepth=8 reconnectCount=1 rssiDbm=-86 diskUsagePct=46 message="Cellular uplink reconnect attempt started"
timestamp=2026-08-20T16:11:24.000Z level=DEBUG subsystem=Storage eventCode=BUFFER_STABLE entityId=PLC-03 site=NORTH-RIDGE-17 gateway=GW-204 firmware=3.14.8-rc1 interface=rs485-1 latencyMs=30 queueDepth=4 reconnectCount=0 rssiDbm=-64 diskUsagePct=44 message="Local telemetry buffer remained within target"
timestamp=2026-08-20T16:11:36.000Z level=INFO subsystem=Sync eventCode=SYNC_OK entityId=FLOW-12 site=NORTH-RIDGE-17 gateway=GW-204 firmware=3.14.8-rc1 interface=cell0 latencyMs=34 queueDepth=5 reconnectCount=0 rssiDbm=-65 diskUsagePct=45 message="Upstream synchronization completed"
timestamp=2026-08-20T16:11:39.000Z level=ERROR subsystem=Modbus eventCode=MODBUS_TIMEOUT entityId=FLOW-12 site=NORTH-RIDGE-17 gateway=GW-204 firmware=3.14.8-rc1 interface=rs485-1 latencyMs=850 queueDepth=9 reconnectCount=1 rssiDbm=-82 diskUsagePct=46 message="Flow meter register read timed out"
timestamp=2026-08-20T16:11:48.000Z level=INFO subsystem=Watchdog eventCode=WORKER_HEALTH entityId=PRESS-04 site=NORTH-RIDGE-17 gateway=GW-204 firmware=3.14.8-rc1 interface=rs485-1 latencyMs=38 queueDepth=6 reconnectCount=0 rssiDbm=-66 diskUsagePct=46 message="Gateway worker timing remained within target"
timestamp=2026-08-20T16:11:57.000Z level=WARN subsystem=Telemetry eventCode=UPLOAD_RETRY entityId=PLC-03 site=NORTH-RIDGE-17 gateway=GW-204 firmware=3.14.8-rc1 interface=cell0 latencyMs=180 queueDepth=12 reconnectCount=2 rssiDbm=-85 diskUsagePct=46 message="Telemetry upload retry scheduled"
timestamp=2026-08-20T16:12:00.000Z level=DEBUG subsystem=Modbus eventCode=MODBUS_READ_OK entityId=PUMP-01 site=NORTH-RIDGE-17 gateway=GW-204 firmware=3.14.8-rc1 interface=rs485-1 latencyMs=42 queueDepth=2 reconnectCount=0 rssiDbm=-63 diskUsagePct=41 message="Field device register read completed"
timestamp=2026-08-20T16:12:12.000Z level=INFO subsystem=Telemetry eventCode=UPLOAD_OK entityId=PUMP-02 site=NORTH-RIDGE-17 gateway=GW-204 firmware=3.14.8-rc1 interface=cell0 latencyMs=46 queueDepth=3 reconnectCount=0 rssiDbm=-64 diskUsagePct=42 message="Telemetry batch uploaded successfully"
timestamp=2026-08-20T16:12:15.000Z level=ERROR subsystem=Network eventCode=LINK_DROP entityId=PLC-03 site=NORTH-RIDGE-17 gateway=GW-204 firmware=3.14.8-rc1 interface=cell0 latencyMs=850 queueDepth=15 reconnectCount=2 rssiDbm=-91 diskUsagePct=46 message="Cellular uplink disconnected"
timestamp=2026-08-20T16:12:24.000Z level=INFO subsystem=Network eventCode=LINK_HEALTH entityId=RTU-07 site=NORTH-RIDGE-17 gateway=GW-204 firmware=3.14.8-rc1 interface=cell0 latencyMs=50 queueDepth=4 reconnectCount=0 rssiDbm=-65 diskUsagePct=43 message="Cellular link health check completed"
timestamp=2026-08-20T16:12:33.000Z level=WARN subsystem=Storage eventCode=BUFFER_GROWING entityId=PLC-03 site=NORTH-RIDGE-17 gateway=GW-204 firmware=3.14.8-rc1 interface=rs485-1 latencyMs=180 queueDepth=21 reconnectCount=2 rssiDbm=-89 diskUsagePct=46 message="Local telemetry buffer depth exceeded target"
timestamp=2026-08-20T16:12:36.000Z level=DEBUG subsystem=Storage eventCode=BUFFER_STABLE entityId=PLC-03 site=NORTH-RIDGE-17 gateway=GW-204 firmware=3.14.8-rc1 interface=rs485-1 latencyMs=18 queueDepth=5 reconnectCount=0 rssiDbm=-66 diskUsagePct=44 message="Local telemetry buffer remained within target"
timestamp=2026-08-20T16:12:48.000Z level=INFO subsystem=Sync eventCode=SYNC_OK entityId=FLOW-12 site=NORTH-RIDGE-17 gateway=GW-204 firmware=3.14.8-rc1 interface=cell0 latencyMs=22 queueDepth=6 reconnectCount=0 rssiDbm=-63 diskUsagePct=45 message="Upstream synchronization completed"
timestamp=2026-08-20T16:12:51.000Z level=ERROR subsystem=Modbus eventCode=MODBUS_TIMEOUT entityId=FLOW-12 site=NORTH-RIDGE-17 gateway=GW-204 firmware=3.14.8-rc1 interface=rs485-1 latencyMs=850 queueDepth=24 reconnectCount=2 rssiDbm=-86 diskUsagePct=46 message="Second flow meter read timed out"
timestamp=2026-08-20T16:13:00.000Z level=INFO subsystem=Watchdog eventCode=WORKER_HEALTH entityId=PRESS-04 site=NORTH-RIDGE-17 gateway=GW-204 firmware=3.14.8-rc1 interface=rs485-1 latencyMs=26 queueDepth=2 reconnectCount=0 rssiDbm=-64 diskUsagePct=46 message="Gateway worker timing remained within target"
timestamp=2026-08-20T16:13:09.000Z level=WARN subsystem=Sync eventCode=SYNC_DELAYED entityId=RTU-07 site=NORTH-RIDGE-17 gateway=GW-204 firmware=3.14.8-rc1 interface=cell0 latencyMs=180 queueDepth=27 reconnectCount=2 rssiDbm=-84 diskUsagePct=46 message="Upstream synchronization delayed by link instability"
timestamp=2026-08-20T16:13:12.000Z level=DEBUG subsystem=Modbus eventCode=MODBUS_READ_OK entityId=PUMP-01 site=NORTH-RIDGE-17 gateway=GW-204 firmware=3.14.8-rc1 interface=rs485-1 latencyMs=30 queueDepth=3 reconnectCount=0 rssiDbm=-65 diskUsagePct=41 message="Field device register read completed"
timestamp=2026-08-20T16:13:24.000Z level=INFO subsystem=Telemetry eventCode=UPLOAD_OK entityId=PUMP-02 site=NORTH-RIDGE-17 gateway=GW-204 firmware=3.14.8-rc1 interface=cell0 latencyMs=34 queueDepth=4 reconnectCount=0 rssiDbm=-66 diskUsagePct=42 message="Telemetry batch uploaded successfully"
timestamp=2026-08-20T16:13:27.000Z level=WARN subsystem=Network eventCode=LINK_RETRY entityId=PLC-03 site=NORTH-RIDGE-17 gateway=GW-204 firmware=3.14.8-rc1 interface=cell0 latencyMs=180 queueDepth=30 reconnectCount=3 rssiDbm=-88 diskUsagePct=46 message="Gateway began another reconnect attempt"
timestamp=2026-08-20T16:13:36.000Z level=INFO subsystem=Network eventCode=LINK_HEALTH entityId=RTU-07 site=NORTH-RIDGE-17 gateway=GW-204 firmware=3.14.8-rc1 interface=cell0 latencyMs=38 queueDepth=5 reconnectCount=0 rssiDbm=-63 diskUsagePct=43 message="Cellular link health check completed"
timestamp=2026-08-20T16:13:45.000Z level=ERROR subsystem=Network eventCode=LINK_DROP entityId=PLC-03 site=NORTH-RIDGE-17 gateway=GW-204 firmware=3.14.8-rc1 interface=cell0 latencyMs=850 queueDepth=34 reconnectCount=3 rssiDbm=-92 diskUsagePct=46 message="Reconnect attempt failed and link dropped again"
timestamp=2026-08-20T16:13:48.000Z level=DEBUG subsystem=Storage eventCode=BUFFER_STABLE entityId=PLC-03 site=NORTH-RIDGE-17 gateway=GW-204 firmware=3.14.8-rc1 interface=rs485-1 latencyMs=42 queueDepth=6 reconnectCount=0 rssiDbm=-64 diskUsagePct=44 message="Local telemetry buffer remained within target"
timestamp=2026-08-20T16:14:00.000Z level=INFO subsystem=Sync eventCode=SYNC_OK entityId=FLOW-12 site=NORTH-RIDGE-17 gateway=GW-204 firmware=3.14.8-rc1 interface=cell0 latencyMs=46 queueDepth=2 reconnectCount=0 rssiDbm=-65 diskUsagePct=45 message="Upstream synchronization completed"
timestamp=2026-08-20T16:14:03.000Z level=WARN subsystem=Telemetry eventCode=UPLOAD_RETRY entityId=FLOW-12 site=NORTH-RIDGE-17 gateway=GW-204 firmware=3.14.8-rc1 interface=cell0 latencyMs=180 queueDepth=37 reconnectCount=3 rssiDbm=-85 diskUsagePct=46 message="Buffered flow telemetry queued for retry"
timestamp=2026-08-20T16:14:12.000Z level=INFO subsystem=Watchdog eventCode=WORKER_HEALTH entityId=PRESS-04 site=NORTH-RIDGE-17 gateway=GW-204 firmware=3.14.8-rc1 interface=rs485-1 latencyMs=50 queueDepth=3 reconnectCount=0 rssiDbm=-66 diskUsagePct=46 message="Gateway worker timing remained within target"
timestamp=2026-08-20T16:14:24.000Z level=DEBUG subsystem=Modbus eventCode=MODBUS_READ_OK entityId=PUMP-01 site=NORTH-RIDGE-17 gateway=GW-204 firmware=3.14.8-rc1 interface=rs485-1 latencyMs=18 queueDepth=4 reconnectCount=0 rssiDbm=-63 diskUsagePct=41 message="Field device register read completed"
timestamp=2026-08-20T16:14:36.000Z level=INFO subsystem=Telemetry eventCode=UPLOAD_OK entityId=PUMP-02 site=NORTH-RIDGE-17 gateway=GW-204 firmware=3.14.8-rc1 interface=cell0 latencyMs=22 queueDepth=5 reconnectCount=0 rssiDbm=-64 diskUsagePct=42 message="Telemetry batch uploaded successfully"
timestamp=2026-08-20T16:14:48.000Z level=INFO subsystem=Network eventCode=LINK_HEALTH entityId=RTU-07 site=NORTH-RIDGE-17 gateway=GW-204 firmware=3.14.8-rc1 interface=cell0 latencyMs=26 queueDepth=6 reconnectCount=0 rssiDbm=-65 diskUsagePct=43 message="Cellular link health check completed"
timestamp=2026-08-20T16:15:00.000Z level=DEBUG subsystem=Storage eventCode=BUFFER_STABLE entityId=PLC-03 site=NORTH-RIDGE-17 gateway=GW-204 firmware=3.14.8-rc1 interface=rs485-1 latencyMs=30 queueDepth=2 reconnectCount=0 rssiDbm=-66 diskUsagePct=44 message="Local telemetry buffer remained within target"
timestamp=2026-08-20T16:15:12.000Z level=INFO subsystem=Sync eventCode=SYNC_OK entityId=FLOW-12 site=NORTH-RIDGE-17 gateway=GW-204 firmware=3.14.8-rc1 interface=cell0 latencyMs=34 queueDepth=3 reconnectCount=0 rssiDbm=-63 diskUsagePct=45 message="Upstream synchronization completed"
timestamp=2026-08-20T16:15:24.000Z level=INFO subsystem=Watchdog eventCode=WORKER_HEALTH entityId=PRESS-04 site=NORTH-RIDGE-17 gateway=GW-204 firmware=3.14.8-rc1 interface=rs485-1 latencyMs=38 queueDepth=4 reconnectCount=0 rssiDbm=-64 diskUsagePct=46 message="Gateway worker timing remained within target"
timestamp=2026-08-20T16:15:36.000Z level=DEBUG subsystem=Modbus eventCode=MODBUS_READ_OK entityId=PUMP-01 site=NORTH-RIDGE-17 gateway=GW-204 firmware=3.14.8-rc1 interface=rs485-1 latencyMs=42 queueDepth=5 reconnectCount=0 rssiDbm=-65 diskUsagePct=41 message="Field device register read completed"
timestamp=2026-08-20T16:15:48.000Z level=INFO subsystem=Telemetry eventCode=UPLOAD_OK entityId=PUMP-02 site=NORTH-RIDGE-17 gateway=GW-204 firmware=3.14.8-rc1 interface=cell0 latencyMs=46 queueDepth=6 reconnectCount=0 rssiDbm=-66 diskUsagePct=42 message="Telemetry batch uploaded successfully"
timestamp=2026-08-20T16:16:00.000Z level=INFO subsystem=Network eventCode=LINK_HEALTH entityId=RTU-07 site=NORTH-RIDGE-17 gateway=GW-204 firmware=3.14.8-rc1 interface=cell0 latencyMs=50 queueDepth=2 reconnectCount=0 rssiDbm=-63 diskUsagePct=43 message="Cellular link health check completed"
timestamp=2026-08-20T16:16:12.000Z level=DEBUG subsystem=Storage eventCode=BUFFER_STABLE entityId=PLC-03 site=NORTH-RIDGE-17 gateway=GW-204 firmware=3.14.8-rc1 interface=rs485-1 latencyMs=18 queueDepth=3 reconnectCount=0 rssiDbm=-64 diskUsagePct=44 message="Local telemetry buffer remained within target"
timestamp=2026-08-20T16:16:24.000Z level=INFO subsystem=Sync eventCode=SYNC_OK entityId=FLOW-12 site=NORTH-RIDGE-17 gateway=GW-204 firmware=3.14.8-rc1 interface=cell0 latencyMs=22 queueDepth=4 reconnectCount=0 rssiDbm=-65 diskUsagePct=45 message="Upstream synchronization completed"
timestamp=2026-08-20T16:16:36.000Z level=INFO subsystem=Watchdog eventCode=WORKER_HEALTH entityId=PRESS-04 site=NORTH-RIDGE-17 gateway=GW-204 firmware=3.14.8-rc1 interface=rs485-1 latencyMs=26 queueDepth=5 reconnectCount=0 rssiDbm=-66 diskUsagePct=46 message="Gateway worker timing remained within target"
timestamp=2026-08-20T16:16:48.000Z level=DEBUG subsystem=Modbus eventCode=MODBUS_READ_OK entityId=PUMP-01 site=NORTH-RIDGE-17 gateway=GW-204 firmware=3.14.8-rc1 interface=rs485-1 latencyMs=30 queueDepth=6 reconnectCount=0 rssiDbm=-63 diskUsagePct=41 message="Field device register read completed"
timestamp=2026-08-20T16:17:00.000Z level=INFO subsystem=Telemetry eventCode=UPLOAD_OK entityId=PUMP-02 site=NORTH-RIDGE-17 gateway=GW-204 firmware=3.14.8-rc1 interface=cell0 latencyMs=34 queueDepth=2 reconnectCount=0 rssiDbm=-64 diskUsagePct=42 message="Telemetry batch uploaded successfully"
timestamp=2026-08-20T16:17:12.000Z level=INFO subsystem=Network eventCode=LINK_HEALTH entityId=RTU-07 site=NORTH-RIDGE-17 gateway=GW-204 firmware=3.14.8-rc1 interface=cell0 latencyMs=38 queueDepth=3 reconnectCount=0 rssiDbm=-65 diskUsagePct=43 message="Cellular link health check completed"
timestamp=2026-08-20T16:17:24.000Z level=DEBUG subsystem=Storage eventCode=BUFFER_STABLE entityId=PLC-03 site=NORTH-RIDGE-17 gateway=GW-204 firmware=3.14.8-rc1 interface=rs485-1 latencyMs=42 queueDepth=4 reconnectCount=0 rssiDbm=-66 diskUsagePct=44 message="Local telemetry buffer remained within target"
timestamp=2026-08-20T16:17:36.000Z level=INFO subsystem=Sync eventCode=SYNC_OK entityId=FLOW-12 site=NORTH-RIDGE-17 gateway=GW-204 firmware=3.14.8-rc1 interface=cell0 latencyMs=46 queueDepth=5 reconnectCount=0 rssiDbm=-63 diskUsagePct=45 message="Upstream synchronization completed"
timestamp=2026-08-20T16:17:48.000Z level=INFO subsystem=Watchdog eventCode=WORKER_HEALTH entityId=PRESS-04 site=NORTH-RIDGE-17 gateway=GW-204 firmware=3.14.8-rc1 interface=rs485-1 latencyMs=50 queueDepth=6 reconnectCount=0 rssiDbm=-64 diskUsagePct=46 message="Gateway worker timing remained within target"
timestamp=2026-08-20T16:18:00.000Z level=DEBUG subsystem=Modbus eventCode=MODBUS_READ_OK entityId=PUMP-01 site=NORTH-RIDGE-17 gateway=GW-204 firmware=3.14.8-rc1 interface=rs485-1 latencyMs=18 queueDepth=2 reconnectCount=0 rssiDbm=-65 diskUsagePct=41 message="Field device register read completed"
timestamp=2026-08-20T16:18:12.000Z level=INFO subsystem=Telemetry eventCode=UPLOAD_OK entityId=PUMP-02 site=NORTH-RIDGE-17 gateway=GW-204 firmware=3.14.8-rc1 interface=cell0 latencyMs=22 queueDepth=3 reconnectCount=0 rssiDbm=-66 diskUsagePct=42 message="Telemetry batch uploaded successfully"
timestamp=2026-08-20T16:18:24.000Z level=INFO subsystem=Network eventCode=LINK_HEALTH entityId=RTU-07 site=NORTH-RIDGE-17 gateway=GW-204 firmware=3.14.8-rc1 interface=cell0 latencyMs=26 queueDepth=4 reconnectCount=0 rssiDbm=-63 diskUsagePct=43 message="Cellular link health check completed"
timestamp=2026-08-20T16:18:36.000Z level=DEBUG subsystem=Storage eventCode=BUFFER_STABLE entityId=PLC-03 site=NORTH-RIDGE-17 gateway=GW-204 firmware=3.14.8-rc1 interface=rs485-1 latencyMs=30 queueDepth=5 reconnectCount=0 rssiDbm=-64 diskUsagePct=44 message="Local telemetry buffer remained within target"
timestamp=2026-08-20T16:18:48.000Z level=INFO subsystem=Sync eventCode=SYNC_OK entityId=FLOW-12 site=NORTH-RIDGE-17 gateway=GW-204 firmware=3.14.8-rc1 interface=cell0 latencyMs=34 queueDepth=6 reconnectCount=0 rssiDbm=-65 diskUsagePct=45 message="Upstream synchronization completed"
timestamp=2026-08-20T16:19:00.000Z level=INFO subsystem=Watchdog eventCode=WORKER_HEALTH entityId=PRESS-04 site=NORTH-RIDGE-17 gateway=GW-204 firmware=3.14.8-rc1 interface=rs485-1 latencyMs=38 queueDepth=2 reconnectCount=0 rssiDbm=-66 diskUsagePct=46 message="Gateway worker timing remained within target"
timestamp=2026-08-20T16:19:12.000Z level=DEBUG subsystem=Modbus eventCode=MODBUS_READ_OK entityId=PUMP-01 site=NORTH-RIDGE-17 gateway=GW-204 firmware=3.14.8-rc1 interface=rs485-1 latencyMs=42 queueDepth=3 reconnectCount=0 rssiDbm=-63 diskUsagePct=41 message="Field device register read completed"
timestamp=2026-08-20T16:19:24.000Z level=INFO subsystem=Telemetry eventCode=UPLOAD_OK entityId=PUMP-02 site=NORTH-RIDGE-17 gateway=GW-204 firmware=3.14.8-rc1 interface=cell0 latencyMs=46 queueDepth=4 reconnectCount=0 rssiDbm=-64 diskUsagePct=42 message="Telemetry batch uploaded successfully"
timestamp=2026-08-20T16:19:36.000Z level=INFO subsystem=Network eventCode=LINK_HEALTH entityId=RTU-07 site=NORTH-RIDGE-17 gateway=GW-204 firmware=3.14.8-rc1 interface=cell0 latencyMs=50 queueDepth=5 reconnectCount=0 rssiDbm=-65 diskUsagePct=43 message="Cellular link health check completed"
timestamp=2026-08-20T16:19:48.000Z level=DEBUG subsystem=Storage eventCode=BUFFER_STABLE entityId=PLC-03 site=NORTH-RIDGE-17 gateway=GW-204 firmware=3.14.8-rc1 interface=rs485-1 latencyMs=18 queueDepth=6 reconnectCount=0 rssiDbm=-66 diskUsagePct=44 message="Local telemetry buffer remained within target"
timestamp=2026-08-20T16:20:00.000Z level=INFO subsystem=Sync eventCode=SYNC_OK entityId=FLOW-12 site=NORTH-RIDGE-17 gateway=GW-204 firmware=3.14.8-rc1 interface=cell0 latencyMs=22 queueDepth=2 reconnectCount=0 rssiDbm=-63 diskUsagePct=45 message="Upstream synchronization completed"
timestamp=2026-08-20T16:20:12.000Z level=INFO subsystem=Watchdog eventCode=WORKER_HEALTH entityId=PRESS-04 site=NORTH-RIDGE-17 gateway=GW-204 firmware=3.14.8-rc1 interface=rs485-1 latencyMs=26 queueDepth=3 reconnectCount=0 rssiDbm=-64 diskUsagePct=46 message="Gateway worker timing remained within target"
timestamp=2026-08-20T16:20:24.000Z level=DEBUG subsystem=Modbus eventCode=MODBUS_READ_OK entityId=PUMP-01 site=NORTH-RIDGE-17 gateway=GW-204 firmware=3.14.8-rc1 interface=rs485-1 latencyMs=30 queueDepth=4 reconnectCount=0 rssiDbm=-65 diskUsagePct=41 message="Field device register read completed"
timestamp=2026-08-20T16:20:36.000Z level=INFO subsystem=Telemetry eventCode=UPLOAD_OK entityId=PUMP-02 site=NORTH-RIDGE-17 gateway=GW-204 firmware=3.14.8-rc1 interface=cell0 latencyMs=34 queueDepth=5 reconnectCount=0 rssiDbm=-66 diskUsagePct=42 message="Telemetry batch uploaded successfully"
timestamp=2026-08-20T16:20:48.000Z level=INFO subsystem=Network eventCode=LINK_HEALTH entityId=RTU-07 site=NORTH-RIDGE-17 gateway=GW-204 firmware=3.14.8-rc1 interface=cell0 latencyMs=38 queueDepth=6 reconnectCount=0 rssiDbm=-63 diskUsagePct=43 message="Cellular link health check completed"
timestamp=2026-08-20T16:21:00.000Z level=DEBUG subsystem=Storage eventCode=BUFFER_STABLE entityId=PLC-03 site=NORTH-RIDGE-17 gateway=GW-204 firmware=3.14.8-rc1 interface=rs485-1 latencyMs=42 queueDepth=2 reconnectCount=0 rssiDbm=-64 diskUsagePct=44 message="Local telemetry buffer remained within target"
timestamp=2026-08-20T16:21:12.000Z level=INFO subsystem=Sync eventCode=SYNC_OK entityId=FLOW-12 site=NORTH-RIDGE-17 gateway=GW-204 firmware=3.14.8-rc1 interface=cell0 latencyMs=46 queueDepth=3 reconnectCount=0 rssiDbm=-65 diskUsagePct=45 message="Upstream synchronization completed"
timestamp=2026-08-20T16:21:24.000Z level=INFO subsystem=Watchdog eventCode=WORKER_HEALTH entityId=PRESS-04 site=NORTH-RIDGE-17 gateway=GW-204 firmware=3.14.8-rc1 interface=rs485-1 latencyMs=50 queueDepth=4 reconnectCount=0 rssiDbm=-66 diskUsagePct=46 message="Gateway worker timing remained within target"
timestamp=2026-08-20T16:21:36.000Z level=DEBUG subsystem=Modbus eventCode=MODBUS_READ_OK entityId=PUMP-01 site=NORTH-RIDGE-17 gateway=GW-204 firmware=3.14.8-rc1 interface=rs485-1 latencyMs=18 queueDepth=5 reconnectCount=0 rssiDbm=-63 diskUsagePct=41 message="Field device register read completed"
timestamp=2026-08-20T16:21:48.000Z level=INFO subsystem=Telemetry eventCode=UPLOAD_OK entityId=PUMP-02 site=NORTH-RIDGE-17 gateway=GW-204 firmware=3.14.8-rc1 interface=cell0 latencyMs=22 queueDepth=6 reconnectCount=0 rssiDbm=-64 diskUsagePct=42 message="Telemetry batch uploaded successfully"
timestamp=2026-08-20T16:22:00.000Z level=INFO subsystem=Network eventCode=LINK_HEALTH entityId=RTU-07 site=NORTH-RIDGE-17 gateway=GW-204 firmware=3.14.8-rc1 interface=cell0 latencyMs=26 queueDepth=2 reconnectCount=0 rssiDbm=-65 diskUsagePct=43 message="Cellular link health check completed"
timestamp=2026-08-20T16:22:12.000Z level=DEBUG subsystem=Storage eventCode=BUFFER_STABLE entityId=PLC-03 site=NORTH-RIDGE-17 gateway=GW-204 firmware=3.14.8-rc1 interface=rs485-1 latencyMs=30 queueDepth=3 reconnectCount=0 rssiDbm=-66 diskUsagePct=44 message="Local telemetry buffer remained within target"
timestamp=2026-08-20T16:22:24.000Z level=INFO subsystem=Sync eventCode=SYNC_OK entityId=FLOW-12 site=NORTH-RIDGE-17 gateway=GW-204 firmware=3.14.8-rc1 interface=cell0 latencyMs=34 queueDepth=4 reconnectCount=0 rssiDbm=-63 diskUsagePct=45 message="Upstream synchronization completed"
timestamp=2026-08-20T16:22:36.000Z level=INFO subsystem=Watchdog eventCode=WORKER_HEALTH entityId=PRESS-04 site=NORTH-RIDGE-17 gateway=GW-204 firmware=3.14.8-rc1 interface=rs485-1 latencyMs=38 queueDepth=5 reconnectCount=0 rssiDbm=-64 diskUsagePct=46 message="Gateway worker timing remained within target"
timestamp=2026-08-20T16:22:48.000Z level=DEBUG subsystem=Modbus eventCode=MODBUS_READ_OK entityId=PUMP-01 site=NORTH-RIDGE-17 gateway=GW-204 firmware=3.14.8-rc1 interface=rs485-1 latencyMs=42 queueDepth=6 reconnectCount=0 rssiDbm=-65 diskUsagePct=41 message="Field device register read completed"
timestamp=2026-08-20T16:23:00.000Z level=INFO subsystem=Telemetry eventCode=UPLOAD_OK entityId=PUMP-02 site=NORTH-RIDGE-17 gateway=GW-204 firmware=3.14.8-rc1 interface=cell0 latencyMs=46 queueDepth=2 reconnectCount=0 rssiDbm=-66 diskUsagePct=42 message="Telemetry batch uploaded successfully"
timestamp=2026-08-20T16:23:12.000Z level=INFO subsystem=Network eventCode=LINK_HEALTH entityId=RTU-07 site=NORTH-RIDGE-17 gateway=GW-204 firmware=3.14.8-rc1 interface=cell0 latencyMs=50 queueDepth=3 reconnectCount=0 rssiDbm=-63 diskUsagePct=43 message="Cellular link health check completed"
timestamp=2026-08-20T16:23:24.000Z level=DEBUG subsystem=Storage eventCode=BUFFER_STABLE entityId=PLC-03 site=NORTH-RIDGE-17 gateway=GW-204 firmware=3.14.8-rc1 interface=rs485-1 latencyMs=18 queueDepth=4 reconnectCount=0 rssiDbm=-64 diskUsagePct=44 message="Local telemetry buffer remained within target"
timestamp=2026-08-20T16:23:36.000Z level=INFO subsystem=Sync eventCode=SYNC_OK entityId=FLOW-12 site=NORTH-RIDGE-17 gateway=GW-204 firmware=3.14.8-rc1 interface=cell0 latencyMs=22 queueDepth=5 reconnectCount=0 rssiDbm=-65 diskUsagePct=45 message="Upstream synchronization completed"
timestamp=2026-08-20T16:23:48.000Z level=INFO subsystem=Watchdog eventCode=WORKER_HEALTH entityId=PRESS-04 site=NORTH-RIDGE-17 gateway=GW-204 firmware=3.14.8-rc1 interface=rs485-1 latencyMs=26 queueDepth=6 reconnectCount=0 rssiDbm=-66 diskUsagePct=46 message="Gateway worker timing remained within target"
timestamp=2026-08-20T16:24:00.000Z level=DEBUG subsystem=Modbus eventCode=MODBUS_READ_OK entityId=PUMP-01 site=NORTH-RIDGE-17 gateway=GW-204 firmware=3.14.8-rc1 interface=rs485-1 latencyMs=30 queueDepth=2 reconnectCount=0 rssiDbm=-63 diskUsagePct=41 message="Field device register read completed"
timestamp=2026-08-20T16:24:12.000Z level=INFO subsystem=Telemetry eventCode=UPLOAD_OK entityId=PUMP-02 site=NORTH-RIDGE-17 gateway=GW-204 firmware=3.14.8-rc1 interface=cell0 latencyMs=34 queueDepth=3 reconnectCount=0 rssiDbm=-64 diskUsagePct=42 message="Telemetry batch uploaded successfully"
timestamp=2026-08-20T16:24:24.000Z level=INFO subsystem=Network eventCode=LINK_HEALTH entityId=RTU-07 site=NORTH-RIDGE-17 gateway=GW-204 firmware=3.14.8-rc1 interface=cell0 latencyMs=38 queueDepth=4 reconnectCount=0 rssiDbm=-65 diskUsagePct=43 message="Cellular link health check completed"
timestamp=2026-08-20T16:24:36.000Z level=DEBUG subsystem=Storage eventCode=BUFFER_STABLE entityId=PLC-03 site=NORTH-RIDGE-17 gateway=GW-204 firmware=3.14.8-rc1 interface=rs485-1 latencyMs=42 queueDepth=5 reconnectCount=0 rssiDbm=-66 diskUsagePct=44 message="Local telemetry buffer remained within target"
timestamp=2026-08-20T16:24:48.000Z level=INFO subsystem=Sync eventCode=SYNC_OK entityId=FLOW-12 site=NORTH-RIDGE-17 gateway=GW-204 firmware=3.14.8-rc1 interface=cell0 latencyMs=46 queueDepth=6 reconnectCount=0 rssiDbm=-63 diskUsagePct=45 message="Upstream synchronization completed"
timestamp=2026-08-20T16:25:00.000Z level=INFO subsystem=Watchdog eventCode=WORKER_HEALTH entityId=PRESS-04 site=NORTH-RIDGE-17 gateway=GW-204 firmware=3.14.8-rc1 interface=rs485-1 latencyMs=50 queueDepth=2 reconnectCount=0 rssiDbm=-64 diskUsagePct=46 message="Gateway worker timing remained within target"
timestamp=2026-08-20T16:25:12.000Z level=DEBUG subsystem=Modbus eventCode=MODBUS_READ_OK entityId=PUMP-01 site=NORTH-RIDGE-17 gateway=GW-204 firmware=3.14.8-rc1 interface=rs485-1 latencyMs=18 queueDepth=3 reconnectCount=0 rssiDbm=-65 diskUsagePct=41 message="Field device register read completed"
timestamp=2026-08-20T16:25:24.000Z level=INFO subsystem=Telemetry eventCode=UPLOAD_OK entityId=PUMP-02 site=NORTH-RIDGE-17 gateway=GW-204 firmware=3.14.8-rc1 interface=cell0 latencyMs=22 queueDepth=4 reconnectCount=0 rssiDbm=-66 diskUsagePct=42 message="Telemetry batch uploaded successfully"
timestamp=2026-08-20T16:25:36.000Z level=INFO subsystem=Network eventCode=LINK_HEALTH entityId=RTU-07 site=NORTH-RIDGE-17 gateway=GW-204 firmware=3.14.8-rc1 interface=cell0 latencyMs=26 queueDepth=5 reconnectCount=0 rssiDbm=-63 diskUsagePct=43 message="Cellular link health check completed"
timestamp=2026-08-20T16:25:48.000Z level=DEBUG subsystem=Storage eventCode=BUFFER_STABLE entityId=PLC-03 site=NORTH-RIDGE-17 gateway=GW-204 firmware=3.14.8-rc1 interface=rs485-1 latencyMs=30 queueDepth=6 reconnectCount=0 rssiDbm=-64 diskUsagePct=44 message="Local telemetry buffer remained within target"
timestamp=2026-08-20T16:26:00.000Z level=INFO subsystem=Sync eventCode=SYNC_OK entityId=FLOW-12 site=NORTH-RIDGE-17 gateway=GW-204 firmware=3.14.8-rc1 interface=cell0 latencyMs=34 queueDepth=2 reconnectCount=0 rssiDbm=-65 diskUsagePct=45 message="Upstream synchronization completed"
timestamp=2026-08-20T16:26:12.000Z level=INFO subsystem=Watchdog eventCode=WORKER_HEALTH entityId=PRESS-04 site=NORTH-RIDGE-17 gateway=GW-204 firmware=3.14.8-rc1 interface=rs485-1 latencyMs=38 queueDepth=3 reconnectCount=0 rssiDbm=-66 diskUsagePct=46 message="Gateway worker timing remained within target"
timestamp=2026-08-20T16:26:24.000Z level=DEBUG subsystem=Modbus eventCode=MODBUS_READ_OK entityId=PUMP-01 site=NORTH-RIDGE-17 gateway=GW-204 firmware=3.14.8-rc1 interface=rs485-1 latencyMs=42 queueDepth=4 reconnectCount=0 rssiDbm=-63 diskUsagePct=41 message="Field device register read completed"
timestamp=2026-08-20T16:26:36.000Z level=INFO subsystem=Telemetry eventCode=UPLOAD_OK entityId=PUMP-02 site=NORTH-RIDGE-17 gateway=GW-204 firmware=3.14.8-rc1 interface=cell0 latencyMs=46 queueDepth=5 reconnectCount=0 rssiDbm=-64 diskUsagePct=42 message="Telemetry batch uploaded successfully"
timestamp=2026-08-20T16:26:48.000Z level=INFO subsystem=Network eventCode=LINK_HEALTH entityId=RTU-07 site=NORTH-RIDGE-17 gateway=GW-204 firmware=3.14.8-rc1 interface=cell0 latencyMs=50 queueDepth=6 reconnectCount=0 rssiDbm=-65 diskUsagePct=43 message="Cellular link health check completed"
timestamp=2026-08-20T16:27:00.000Z level=DEBUG subsystem=Storage eventCode=BUFFER_STABLE entityId=PLC-03 site=NORTH-RIDGE-17 gateway=GW-204 firmware=3.14.8-rc1 interface=rs485-1 latencyMs=18 queueDepth=2 reconnectCount=0 rssiDbm=-66 diskUsagePct=44 message="Local telemetry buffer remained within target"
timestamp=2026-08-20T16:27:12.000Z level=INFO subsystem=Sync eventCode=SYNC_OK entityId=FLOW-12 site=NORTH-RIDGE-17 gateway=GW-204 firmware=3.14.8-rc1 interface=cell0 latencyMs=22 queueDepth=3 reconnectCount=0 rssiDbm=-63 diskUsagePct=45 message="Upstream synchronization completed"
timestamp=2026-08-20T16:27:24.000Z level=INFO subsystem=Watchdog eventCode=WORKER_HEALTH entityId=PRESS-04 site=NORTH-RIDGE-17 gateway=GW-204 firmware=3.14.8-rc1 interface=rs485-1 latencyMs=26 queueDepth=4 reconnectCount=0 rssiDbm=-64 diskUsagePct=46 message="Gateway worker timing remained within target"
timestamp=2026-08-20T16:27:36.000Z level=DEBUG subsystem=Modbus eventCode=MODBUS_READ_OK entityId=PUMP-01 site=NORTH-RIDGE-17 gateway=GW-204 firmware=3.14.8-rc1 interface=rs485-1 latencyMs=30 queueDepth=5 reconnectCount=0 rssiDbm=-65 diskUsagePct=41 message="Field device register read completed"
timestamp=2026-08-20T16:27:48.000Z level=INFO subsystem=Telemetry eventCode=UPLOAD_OK entityId=PUMP-02 site=NORTH-RIDGE-17 gateway=GW-204 firmware=3.14.8-rc1 interface=cell0 latencyMs=34 queueDepth=6 reconnectCount=0 rssiDbm=-66 diskUsagePct=42 message="Telemetry batch uploaded successfully"
timestamp=2026-08-20T16:28:00.000Z level=INFO subsystem=Network eventCode=LINK_HEALTH entityId=RTU-07 site=NORTH-RIDGE-17 gateway=GW-204 firmware=3.14.8-rc1 interface=cell0 latencyMs=38 queueDepth=2 reconnectCount=0 rssiDbm=-63 diskUsagePct=43 message="Cellular link health check completed"
timestamp=2026-08-20T16:28:03.000Z level=WARN subsystem=Storage eventCode=BUFFER_GROWING entityId=RTU-07 site=NORTH-RIDGE-17 gateway=GW-204 firmware=3.14.8-rc1 interface=rs485-1 latencyMs=180 queueDepth=18 reconnectCount=3 rssiDbm=-70 diskUsagePct=46 message="Residual telemetry backlog began growing again"
timestamp=2026-08-20T16:28:12.000Z level=DEBUG subsystem=Storage eventCode=BUFFER_STABLE entityId=PLC-03 site=NORTH-RIDGE-17 gateway=GW-204 firmware=3.14.8-rc1 interface=rs485-1 latencyMs=42 queueDepth=3 reconnectCount=0 rssiDbm=-64 diskUsagePct=44 message="Local telemetry buffer remained within target"
timestamp=2026-08-20T16:28:21.000Z level=WARN subsystem=Telemetry eventCode=UPLOAD_RETRY entityId=RTU-07 site=NORTH-RIDGE-17 gateway=GW-204 firmware=3.14.8-rc1 interface=cell0 latencyMs=180 queueDepth=22 reconnectCount=3 rssiDbm=-72 diskUsagePct=46 message="Buffered telemetry upload retry scheduled"
timestamp=2026-08-20T16:28:24.000Z level=INFO subsystem=Sync eventCode=SYNC_OK entityId=FLOW-12 site=NORTH-RIDGE-17 gateway=GW-204 firmware=3.14.8-rc1 interface=cell0 latencyMs=46 queueDepth=4 reconnectCount=0 rssiDbm=-65 diskUsagePct=45 message="Upstream synchronization completed"
timestamp=2026-08-20T16:28:36.000Z level=INFO subsystem=Watchdog eventCode=WORKER_HEALTH entityId=PRESS-04 site=NORTH-RIDGE-17 gateway=GW-204 firmware=3.14.8-rc1 interface=rs485-1 latencyMs=50 queueDepth=5 reconnectCount=0 rssiDbm=-66 diskUsagePct=46 message="Gateway worker timing remained within target"
timestamp=2026-08-20T16:28:39.000Z level=ERROR subsystem=Telemetry eventCode=UPLOAD_TIMEOUT entityId=PLC-03 site=NORTH-RIDGE-17 gateway=GW-204 firmware=3.14.8-rc1 interface=cell0 latencyMs=850 queueDepth=28 reconnectCount=3 rssiDbm=-74 diskUsagePct=46 message="Buffered telemetry upload timed out"
timestamp=2026-08-20T16:28:48.000Z level=DEBUG subsystem=Modbus eventCode=MODBUS_READ_OK entityId=PUMP-01 site=NORTH-RIDGE-17 gateway=GW-204 firmware=3.14.8-rc1 interface=rs485-1 latencyMs=18 queueDepth=6 reconnectCount=0 rssiDbm=-63 diskUsagePct=41 message="Field device register read completed"
timestamp=2026-08-20T16:28:57.000Z level=WARN subsystem=Storage eventCode=WRITE_SLOW entityId=PLC-03 site=NORTH-RIDGE-17 gateway=GW-204 firmware=3.14.8-rc1 interface=rs485-1 latencyMs=180 queueDepth=31 reconnectCount=3 rssiDbm=-72 diskUsagePct=46 message="Local buffer write latency exceeded target"
timestamp=2026-08-20T16:29:00.000Z level=INFO subsystem=Telemetry eventCode=UPLOAD_OK entityId=PUMP-02 site=NORTH-RIDGE-17 gateway=GW-204 firmware=3.14.8-rc1 interface=cell0 latencyMs=22 queueDepth=2 reconnectCount=0 rssiDbm=-64 diskUsagePct=42 message="Telemetry batch uploaded successfully"
timestamp=2026-08-20T16:29:12.000Z level=INFO subsystem=Network eventCode=LINK_HEALTH entityId=RTU-07 site=NORTH-RIDGE-17 gateway=GW-204 firmware=3.14.8-rc1 interface=cell0 latencyMs=26 queueDepth=3 reconnectCount=0 rssiDbm=-65 diskUsagePct=43 message="Cellular link health check completed"
timestamp=2026-08-20T16:29:15.000Z level=WARN subsystem=Watchdog eventCode=PROCESS_STALL entityId=PLC-03 site=NORTH-RIDGE-17 gateway=GW-204 firmware=3.14.8-rc1 interface=rs485-1 latencyMs=180 queueDepth=34 reconnectCount=3 rssiDbm=-73 diskUsagePct=46 message="Telemetry worker exceeded watchdog timing target"
timestamp=2026-08-20T16:29:24.000Z level=DEBUG subsystem=Storage eventCode=BUFFER_STABLE entityId=PLC-03 site=NORTH-RIDGE-17 gateway=GW-204 firmware=3.14.8-rc1 interface=rs485-1 latencyMs=30 queueDepth=4 reconnectCount=0 rssiDbm=-66 diskUsagePct=44 message="Local telemetry buffer remained within target"
timestamp=2026-08-20T16:29:33.000Z level=ERROR subsystem=Telemetry eventCode=UPLOAD_TIMEOUT entityId=RTU-07 site=NORTH-RIDGE-17 gateway=GW-204 firmware=3.14.8-rc1 interface=cell0 latencyMs=850 queueDepth=37 reconnectCount=3 rssiDbm=-75 diskUsagePct=46 message="Second buffered upload timed out"
timestamp=2026-08-20T16:29:36.000Z level=INFO subsystem=Sync eventCode=SYNC_OK entityId=FLOW-12 site=NORTH-RIDGE-17 gateway=GW-204 firmware=3.14.8-rc1 interface=cell0 latencyMs=34 queueDepth=5 reconnectCount=0 rssiDbm=-63 diskUsagePct=45 message="Upstream synchronization completed"
timestamp=2026-08-20T16:29:48.000Z level=INFO subsystem=Watchdog eventCode=WORKER_HEALTH entityId=PRESS-04 site=NORTH-RIDGE-17 gateway=GW-204 firmware=3.14.8-rc1 interface=rs485-1 latencyMs=38 queueDepth=6 reconnectCount=0 rssiDbm=-64 diskUsagePct=46 message="Gateway worker timing remained within target"
timestamp=2026-08-20T16:29:51.000Z level=WARN subsystem=Storage eventCode=BUFFER_GROWING entityId=PLC-03 site=NORTH-RIDGE-17 gateway=GW-204 firmware=3.14.8-rc1 interface=rs485-1 latencyMs=180 queueDepth=40 reconnectCount=3 rssiDbm=-73 diskUsagePct=46 message="Telemetry buffer continued growing during retries"
timestamp=2026-08-20T16:30:00.000Z level=DEBUG subsystem=Modbus eventCode=MODBUS_READ_OK entityId=PUMP-01 site=NORTH-RIDGE-17 gateway=GW-204 firmware=3.14.8-rc1 interface=rs485-1 latencyMs=42 queueDepth=2 reconnectCount=0 rssiDbm=-65 diskUsagePct=41 message="Field device register read completed"
timestamp=2026-08-20T16:30:09.000Z level=WARN subsystem=Telemetry eventCode=UPLOAD_RETRY entityId=FLOW-12 site=NORTH-RIDGE-17 gateway=GW-204 firmware=3.14.8-rc1 interface=cell0 latencyMs=180 queueDepth=43 reconnectCount=3 rssiDbm=-72 diskUsagePct=46 message="Flow telemetry batch queued behind backlog"
timestamp=2026-08-20T16:30:12.000Z level=INFO subsystem=Telemetry eventCode=UPLOAD_OK entityId=PUMP-02 site=NORTH-RIDGE-17 gateway=GW-204 firmware=3.14.8-rc1 interface=cell0 latencyMs=46 queueDepth=3 reconnectCount=0 rssiDbm=-66 diskUsagePct=42 message="Telemetry batch uploaded successfully"
timestamp=2026-08-20T16:30:24.000Z level=INFO subsystem=Network eventCode=LINK_HEALTH entityId=RTU-07 site=NORTH-RIDGE-17 gateway=GW-204 firmware=3.14.8-rc1 interface=cell0 latencyMs=50 queueDepth=4 reconnectCount=0 rssiDbm=-63 diskUsagePct=43 message="Cellular link health check completed"
timestamp=2026-08-20T16:30:27.000Z level=ERROR subsystem=Watchdog eventCode=PROCESS_STALL entityId=PLC-03 site=NORTH-RIDGE-17 gateway=GW-204 firmware=3.14.8-rc1 interface=rs485-1 latencyMs=850 queueDepth=46 reconnectCount=3 rssiDbm=-74 diskUsagePct=46 message="Telemetry worker stalled during backlog drain"
timestamp=2026-08-20T16:30:36.000Z level=DEBUG subsystem=Storage eventCode=BUFFER_STABLE entityId=PLC-03 site=NORTH-RIDGE-17 gateway=GW-204 firmware=3.14.8-rc1 interface=rs485-1 latencyMs=18 queueDepth=5 reconnectCount=0 rssiDbm=-64 diskUsagePct=44 message="Local telemetry buffer remained within target"
timestamp=2026-08-20T16:30:45.000Z level=WARN subsystem=Storage eventCode=WRITE_SLOW entityId=PLC-03 site=NORTH-RIDGE-17 gateway=GW-204 firmware=3.14.8-rc1 interface=rs485-1 latencyMs=180 queueDepth=41 reconnectCount=3 rssiDbm=-71 diskUsagePct=46 message="Buffer persistence remained slower than target"
timestamp=2026-08-20T16:30:48.000Z level=INFO subsystem=Sync eventCode=SYNC_OK entityId=FLOW-12 site=NORTH-RIDGE-17 gateway=GW-204 firmware=3.14.8-rc1 interface=cell0 latencyMs=22 queueDepth=6 reconnectCount=0 rssiDbm=-65 diskUsagePct=45 message="Upstream synchronization completed"
timestamp=2026-08-20T16:31:00.000Z level=INFO subsystem=Watchdog eventCode=WORKER_HEALTH entityId=PRESS-04 site=NORTH-RIDGE-17 gateway=GW-204 firmware=3.14.8-rc1 interface=rs485-1 latencyMs=26 queueDepth=2 reconnectCount=0 rssiDbm=-66 diskUsagePct=46 message="Gateway worker timing remained within target"
timestamp=2026-08-20T16:31:12.000Z level=DEBUG subsystem=Modbus eventCode=MODBUS_READ_OK entityId=PUMP-01 site=NORTH-RIDGE-17 gateway=GW-204 firmware=3.14.8-rc1 interface=rs485-1 latencyMs=30 queueDepth=3 reconnectCount=0 rssiDbm=-63 diskUsagePct=41 message="Field device register read completed"
timestamp=2026-08-20T16:31:24.000Z level=INFO subsystem=Telemetry eventCode=UPLOAD_OK entityId=PUMP-02 site=NORTH-RIDGE-17 gateway=GW-204 firmware=3.14.8-rc1 interface=cell0 latencyMs=34 queueDepth=4 reconnectCount=0 rssiDbm=-64 diskUsagePct=42 message="Telemetry batch uploaded successfully"
timestamp=2026-08-20T16:31:36.000Z level=INFO subsystem=Network eventCode=LINK_HEALTH entityId=RTU-07 site=NORTH-RIDGE-17 gateway=GW-204 firmware=3.14.8-rc1 interface=cell0 latencyMs=38 queueDepth=5 reconnectCount=0 rssiDbm=-65 diskUsagePct=43 message="Cellular link health check completed"
timestamp=2026-08-20T16:31:48.000Z level=DEBUG subsystem=Storage eventCode=BUFFER_STABLE entityId=PLC-03 site=NORTH-RIDGE-17 gateway=GW-204 firmware=3.14.8-rc1 interface=rs485-1 latencyMs=42 queueDepth=6 reconnectCount=0 rssiDbm=-66 diskUsagePct=44 message="Local telemetry buffer remained within target"
timestamp=2026-08-20T16:32:00.000Z level=INFO subsystem=Sync eventCode=SYNC_OK entityId=FLOW-12 site=NORTH-RIDGE-17 gateway=GW-204 firmware=3.14.8-rc1 interface=cell0 latencyMs=46 queueDepth=2 reconnectCount=0 rssiDbm=-63 diskUsagePct=45 message="Upstream synchronization completed"
timestamp=2026-08-20T16:32:12.000Z level=INFO subsystem=Watchdog eventCode=WORKER_HEALTH entityId=PRESS-04 site=NORTH-RIDGE-17 gateway=GW-204 firmware=3.14.8-rc1 interface=rs485-1 latencyMs=50 queueDepth=3 reconnectCount=0 rssiDbm=-64 diskUsagePct=46 message="Gateway worker timing remained within target"
timestamp=2026-08-20T16:32:24.000Z level=DEBUG subsystem=Modbus eventCode=MODBUS_READ_OK entityId=PUMP-01 site=NORTH-RIDGE-17 gateway=GW-204 firmware=3.14.8-rc1 interface=rs485-1 latencyMs=18 queueDepth=4 reconnectCount=0 rssiDbm=-65 diskUsagePct=41 message="Field device register read completed"
timestamp=2026-08-20T16:32:36.000Z level=INFO subsystem=Telemetry eventCode=UPLOAD_OK entityId=PUMP-02 site=NORTH-RIDGE-17 gateway=GW-204 firmware=3.14.8-rc1 interface=cell0 latencyMs=22 queueDepth=5 reconnectCount=0 rssiDbm=-66 diskUsagePct=42 message="Telemetry batch uploaded successfully"
timestamp=2026-08-20T16:32:48.000Z level=INFO subsystem=Network eventCode=LINK_HEALTH entityId=RTU-07 site=NORTH-RIDGE-17 gateway=GW-204 firmware=3.14.8-rc1 interface=cell0 latencyMs=26 queueDepth=6 reconnectCount=0 rssiDbm=-63 diskUsagePct=43 message="Cellular link health check completed"
timestamp=2026-08-20T16:33:00.000Z level=DEBUG subsystem=Storage eventCode=BUFFER_STABLE entityId=PLC-03 site=NORTH-RIDGE-17 gateway=GW-204 firmware=3.14.8-rc1 interface=rs485-1 latencyMs=30 queueDepth=2 reconnectCount=0 rssiDbm=-64 diskUsagePct=44 message="Local telemetry buffer remained within target"
timestamp=2026-08-20T16:33:12.000Z level=INFO subsystem=Sync eventCode=SYNC_OK entityId=FLOW-12 site=NORTH-RIDGE-17 gateway=GW-204 firmware=3.14.8-rc1 interface=cell0 latencyMs=34 queueDepth=3 reconnectCount=0 rssiDbm=-65 diskUsagePct=45 message="Upstream synchronization completed"
timestamp=2026-08-20T16:33:24.000Z level=INFO subsystem=Watchdog eventCode=WORKER_HEALTH entityId=PRESS-04 site=NORTH-RIDGE-17 gateway=GW-204 firmware=3.14.8-rc1 interface=rs485-1 latencyMs=38 queueDepth=4 reconnectCount=0 rssiDbm=-66 diskUsagePct=46 message="Gateway worker timing remained within target"
timestamp=2026-08-20T16:33:36.000Z level=DEBUG subsystem=Modbus eventCode=MODBUS_READ_OK entityId=PUMP-01 site=NORTH-RIDGE-17 gateway=GW-204 firmware=3.14.8-rc1 interface=rs485-1 latencyMs=42 queueDepth=5 reconnectCount=0 rssiDbm=-63 diskUsagePct=41 message="Field device register read completed"
timestamp=2026-08-20T16:33:48.000Z level=INFO subsystem=Telemetry eventCode=UPLOAD_OK entityId=PUMP-02 site=NORTH-RIDGE-17 gateway=GW-204 firmware=3.14.8-rc1 interface=cell0 latencyMs=46 queueDepth=6 reconnectCount=0 rssiDbm=-64 diskUsagePct=42 message="Telemetry batch uploaded successfully"
timestamp=2026-08-20T16:34:00.000Z level=INFO subsystem=Network eventCode=LINK_HEALTH entityId=RTU-07 site=NORTH-RIDGE-17 gateway=GW-204 firmware=3.14.8-rc1 interface=cell0 latencyMs=50 queueDepth=2 reconnectCount=0 rssiDbm=-65 diskUsagePct=43 message="Cellular link health check completed"
timestamp=2026-08-20T16:34:12.000Z level=DEBUG subsystem=Storage eventCode=BUFFER_STABLE entityId=PLC-03 site=NORTH-RIDGE-17 gateway=GW-204 firmware=3.14.8-rc1 interface=rs485-1 latencyMs=18 queueDepth=3 reconnectCount=0 rssiDbm=-66 diskUsagePct=44 message="Local telemetry buffer remained within target"
timestamp=2026-08-20T16:34:24.000Z level=INFO subsystem=Sync eventCode=SYNC_OK entityId=FLOW-12 site=NORTH-RIDGE-17 gateway=GW-204 firmware=3.14.8-rc1 interface=cell0 latencyMs=22 queueDepth=4 reconnectCount=0 rssiDbm=-63 diskUsagePct=45 message="Upstream synchronization completed"
timestamp=2026-08-20T16:34:36.000Z level=INFO subsystem=Watchdog eventCode=WORKER_HEALTH entityId=PRESS-04 site=NORTH-RIDGE-17 gateway=GW-204 firmware=3.14.8-rc1 interface=rs485-1 latencyMs=26 queueDepth=5 reconnectCount=0 rssiDbm=-64 diskUsagePct=46 message="Gateway worker timing remained within target"
timestamp=2026-08-20T16:34:48.000Z level=DEBUG subsystem=Modbus eventCode=MODBUS_READ_OK entityId=PUMP-01 site=NORTH-RIDGE-17 gateway=GW-204 firmware=3.14.8-rc1 interface=rs485-1 latencyMs=30 queueDepth=6 reconnectCount=0 rssiDbm=-65 diskUsagePct=41 message="Field device register read completed"
timestamp=2026-08-20T16:35:00.000Z level=INFO subsystem=Telemetry eventCode=UPLOAD_OK entityId=PUMP-02 site=NORTH-RIDGE-17 gateway=GW-204 firmware=3.14.8-rc1 interface=cell0 latencyMs=34 queueDepth=2 reconnectCount=0 rssiDbm=-66 diskUsagePct=42 message="Telemetry batch uploaded successfully"
timestamp=2026-08-20T16:35:12.000Z level=INFO subsystem=Network eventCode=LINK_HEALTH entityId=RTU-07 site=NORTH-RIDGE-17 gateway=GW-204 firmware=3.14.8-rc1 interface=cell0 latencyMs=38 queueDepth=3 reconnectCount=0 rssiDbm=-63 diskUsagePct=43 message="Cellular link health check completed"
timestamp=2026-08-20T16:35:24.000Z level=DEBUG subsystem=Storage eventCode=BUFFER_STABLE entityId=PLC-03 site=NORTH-RIDGE-17 gateway=GW-204 firmware=3.14.8-rc1 interface=rs485-1 latencyMs=42 queueDepth=4 reconnectCount=0 rssiDbm=-64 diskUsagePct=44 message="Local telemetry buffer remained within target"
timestamp=2026-08-20T16:35:36.000Z level=INFO subsystem=Sync eventCode=SYNC_OK entityId=FLOW-12 site=NORTH-RIDGE-17 gateway=GW-204 firmware=3.14.8-rc1 interface=cell0 latencyMs=46 queueDepth=5 reconnectCount=0 rssiDbm=-65 diskUsagePct=45 message="Upstream synchronization completed"
timestamp=2026-08-20T16:35:48.000Z level=INFO subsystem=Watchdog eventCode=WORKER_HEALTH entityId=PRESS-04 site=NORTH-RIDGE-17 gateway=GW-204 firmware=3.14.8-rc1 interface=rs485-1 latencyMs=50 queueDepth=6 reconnectCount=0 rssiDbm=-66 diskUsagePct=46 message="Gateway worker timing remained within target"
timestamp=2026-08-20T16:36:00.000Z level=DEBUG subsystem=Modbus eventCode=MODBUS_READ_OK entityId=PUMP-01 site=NORTH-RIDGE-17 gateway=GW-204 firmware=3.14.8-rc1 interface=rs485-1 latencyMs=18 queueDepth=2 reconnectCount=0 rssiDbm=-63 diskUsagePct=41 message="Field device register read completed"
timestamp=2026-08-20T16:36:12.000Z level=INFO subsystem=Telemetry eventCode=UPLOAD_OK entityId=PUMP-02 site=NORTH-RIDGE-17 gateway=GW-204 firmware=3.14.8-rc1 interface=cell0 latencyMs=22 queueDepth=3 reconnectCount=0 rssiDbm=-64 diskUsagePct=42 message="Telemetry batch uploaded successfully"
timestamp=2026-08-20T16:36:24.000Z level=INFO subsystem=Network eventCode=LINK_HEALTH entityId=RTU-07 site=NORTH-RIDGE-17 gateway=GW-204 firmware=3.14.8-rc1 interface=cell0 latencyMs=26 queueDepth=4 reconnectCount=0 rssiDbm=-65 diskUsagePct=43 message="Cellular link health check completed"
timestamp=2026-08-20T16:36:36.000Z level=DEBUG subsystem=Storage eventCode=BUFFER_STABLE entityId=PLC-03 site=NORTH-RIDGE-17 gateway=GW-204 firmware=3.14.8-rc1 interface=rs485-1 latencyMs=30 queueDepth=5 reconnectCount=0 rssiDbm=-66 diskUsagePct=44 message="Local telemetry buffer remained within target"
timestamp=2026-08-20T16:36:48.000Z level=INFO subsystem=Sync eventCode=SYNC_OK entityId=FLOW-12 site=NORTH-RIDGE-17 gateway=GW-204 firmware=3.14.8-rc1 interface=cell0 latencyMs=34 queueDepth=6 reconnectCount=0 rssiDbm=-63 diskUsagePct=45 message="Upstream synchronization completed"
timestamp=2026-08-20T16:37:00.000Z level=INFO subsystem=Watchdog eventCode=WORKER_HEALTH entityId=PRESS-04 site=NORTH-RIDGE-17 gateway=GW-204 firmware=3.14.8-rc1 interface=rs485-1 latencyMs=38 queueDepth=2 reconnectCount=0 rssiDbm=-64 diskUsagePct=46 message="Gateway worker timing remained within target"
timestamp=2026-08-20T16:37:12.000Z level=DEBUG subsystem=Modbus eventCode=MODBUS_READ_OK entityId=PUMP-01 site=NORTH-RIDGE-17 gateway=GW-204 firmware=3.14.8-rc1 interface=rs485-1 latencyMs=42 queueDepth=3 reconnectCount=0 rssiDbm=-65 diskUsagePct=41 message="Field device register read completed"
timestamp=2026-08-20T16:37:24.000Z level=INFO subsystem=Telemetry eventCode=UPLOAD_OK entityId=PUMP-02 site=NORTH-RIDGE-17 gateway=GW-204 firmware=3.14.8-rc1 interface=cell0 latencyMs=46 queueDepth=4 reconnectCount=0 rssiDbm=-66 diskUsagePct=42 message="Telemetry batch uploaded successfully"
timestamp=2026-08-20T16:37:36.000Z level=INFO subsystem=Network eventCode=LINK_HEALTH entityId=RTU-07 site=NORTH-RIDGE-17 gateway=GW-204 firmware=3.14.8-rc1 interface=cell0 latencyMs=50 queueDepth=5 reconnectCount=0 rssiDbm=-63 diskUsagePct=43 message="Cellular link health check completed"
timestamp=2026-08-20T16:37:48.000Z level=DEBUG subsystem=Storage eventCode=BUFFER_STABLE entityId=PLC-03 site=NORTH-RIDGE-17 gateway=GW-204 firmware=3.14.8-rc1 interface=rs485-1 latencyMs=18 queueDepth=6 reconnectCount=0 rssiDbm=-64 diskUsagePct=44 message="Local telemetry buffer remained within target"
timestamp=2026-08-20T16:38:00.000Z level=INFO subsystem=Sync eventCode=SYNC_OK entityId=FLOW-12 site=NORTH-RIDGE-17 gateway=GW-204 firmware=3.14.8-rc1 interface=cell0 latencyMs=22 queueDepth=2 reconnectCount=0 rssiDbm=-65 diskUsagePct=45 message="Upstream synchronization completed"
timestamp=2026-08-20T16:38:12.000Z level=INFO subsystem=Watchdog eventCode=WORKER_HEALTH entityId=PRESS-04 site=NORTH-RIDGE-17 gateway=GW-204 firmware=3.14.8-rc1 interface=rs485-1 latencyMs=26 queueDepth=3 reconnectCount=0 rssiDbm=-66 diskUsagePct=46 message="Gateway worker timing remained within target"
timestamp=2026-08-20T16:38:24.000Z level=DEBUG subsystem=Modbus eventCode=MODBUS_READ_OK entityId=PUMP-01 site=NORTH-RIDGE-17 gateway=GW-204 firmware=3.14.8-rc1 interface=rs485-1 latencyMs=30 queueDepth=4 reconnectCount=0 rssiDbm=-63 diskUsagePct=41 message="Field device register read completed"
timestamp=2026-08-20T16:38:36.000Z level=INFO subsystem=Telemetry eventCode=UPLOAD_OK entityId=PUMP-02 site=NORTH-RIDGE-17 gateway=GW-204 firmware=3.14.8-rc1 interface=cell0 latencyMs=34 queueDepth=5 reconnectCount=0 rssiDbm=-64 diskUsagePct=42 message="Telemetry batch uploaded successfully"
timestamp=2026-08-20T16:38:48.000Z level=INFO subsystem=Network eventCode=LINK_HEALTH entityId=RTU-07 site=NORTH-RIDGE-17 gateway=GW-204 firmware=3.14.8-rc1 interface=cell0 latencyMs=38 queueDepth=6 reconnectCount=0 rssiDbm=-65 diskUsagePct=43 message="Cellular link health check completed"
timestamp=2026-08-20T16:39:00.000Z level=DEBUG subsystem=Storage eventCode=BUFFER_STABLE entityId=PLC-03 site=NORTH-RIDGE-17 gateway=GW-204 firmware=3.14.8-rc1 interface=rs485-1 latencyMs=42 queueDepth=2 reconnectCount=0 rssiDbm=-66 diskUsagePct=44 message="Local telemetry buffer remained within target"
timestamp=2026-08-20T16:39:12.000Z level=INFO subsystem=Sync eventCode=SYNC_OK entityId=FLOW-12 site=NORTH-RIDGE-17 gateway=GW-204 firmware=3.14.8-rc1 interface=cell0 latencyMs=46 queueDepth=3 reconnectCount=0 rssiDbm=-63 diskUsagePct=45 message="Upstream synchronization completed"
timestamp=2026-08-20T16:39:24.000Z level=INFO subsystem=Watchdog eventCode=WORKER_HEALTH entityId=PRESS-04 site=NORTH-RIDGE-17 gateway=GW-204 firmware=3.14.8-rc1 interface=rs485-1 latencyMs=50 queueDepth=4 reconnectCount=0 rssiDbm=-64 diskUsagePct=46 message="Gateway worker timing remained within target"
timestamp=2026-08-20T16:39:36.000Z level=DEBUG subsystem=Modbus eventCode=MODBUS_READ_OK entityId=PUMP-01 site=NORTH-RIDGE-17 gateway=GW-204 firmware=3.14.8-rc1 interface=rs485-1 latencyMs=18 queueDepth=5 reconnectCount=0 rssiDbm=-65 diskUsagePct=41 message="Field device register read completed"
timestamp=2026-08-20T16:39:48.000Z level=INFO subsystem=Telemetry eventCode=UPLOAD_OK entityId=PUMP-02 site=NORTH-RIDGE-17 gateway=GW-204 firmware=3.14.8-rc1 interface=cell0 latencyMs=22 queueDepth=6 reconnectCount=0 rssiDbm=-66 diskUsagePct=42 message="Telemetry batch uploaded successfully"
timestamp=2026-08-20T16:40:00.000Z level=INFO subsystem=Network eventCode=LINK_HEALTH entityId=RTU-07 site=NORTH-RIDGE-17 gateway=GW-204 firmware=3.14.8-rc1 interface=cell0 latencyMs=26 queueDepth=2 reconnectCount=0 rssiDbm=-63 diskUsagePct=43 message="Cellular link health check completed"
