timestamp=2026-08-20T16:00:00.000Z level=DEBUG subsystem=Modbus eventCode=MODBUS_READ_OK entityId=PUMP-01 site=NORTH-RIDGE-17 gateway=GW-204 firmware=3.14.7 interface=rs485-1 latencyMs=18 queueDepth=2 reconnectCount=0 rssiDbm=-63 diskUsagePct=41 message="Field device register read completed"
timestamp=2026-08-20T16:00:12.000Z level=INFO subsystem=Telemetry eventCode=UPLOAD_OK entityId=PUMP-02 site=NORTH-RIDGE-17 gateway=GW-204 firmware=3.14.7 interface=cell0 latencyMs=22 queueDepth=3 reconnectCount=0 rssiDbm=-64 diskUsagePct=42 message="Telemetry batch uploaded successfully"
timestamp=2026-08-20T16:00:24.000Z level=INFO subsystem=Network eventCode=LINK_HEALTH entityId=RTU-07 site=NORTH-RIDGE-17 gateway=GW-204 firmware=3.14.7 interface=cell0 latencyMs=26 queueDepth=4 reconnectCount=0 rssiDbm=-65 diskUsagePct=43 message="Cellular link health check completed"
timestamp=2026-08-20T16:00:36.000Z level=DEBUG subsystem=Storage eventCode=BUFFER_STABLE entityId=PLC-03 site=NORTH-RIDGE-17 gateway=GW-204 firmware=3.14.7 interface=rs485-1 latencyMs=30 queueDepth=5 reconnectCount=0 rssiDbm=-66 diskUsagePct=44 message="Local telemetry buffer remained within target"
timestamp=2026-08-20T16:00:48.000Z level=INFO subsystem=Sync eventCode=SYNC_OK entityId=FLOW-12 site=NORTH-RIDGE-17 gateway=GW-204 firmware=3.14.7 interface=cell0 latencyMs=34 queueDepth=6 reconnectCount=0 rssiDbm=-63 diskUsagePct=45 message="Upstream synchronization completed"
timestamp=2026-08-20T16:01:00.000Z level=INFO subsystem=Watchdog eventCode=WORKER_HEALTH entityId=PRESS-04 site=NORTH-RIDGE-17 gateway=GW-204 firmware=3.14.7 interface=rs485-1 latencyMs=38 queueDepth=2 reconnectCount=0 rssiDbm=-64 diskUsagePct=46 message="Gateway worker timing remained within target"
timestamp=2026-08-20T16:01:12.000Z level=DEBUG subsystem=Modbus eventCode=MODBUS_READ_OK entityId=PUMP-01 site=NORTH-RIDGE-17 gateway=GW-204 firmware=3.14.7 interface=rs485-1 latencyMs=42 queueDepth=3 reconnectCount=0 rssiDbm=-65 diskUsagePct=41 message="Field device register read completed"
timestamp=2026-08-20T16:01:24.000Z level=INFO subsystem=Telemetry eventCode=UPLOAD_OK entityId=PUMP-02 site=NORTH-RIDGE-17 gateway=GW-204 firmware=3.14.7 interface=cell0 latencyMs=46 queueDepth=4 reconnectCount=0 rssiDbm=-66 diskUsagePct=42 message="Telemetry batch uploaded successfully"
timestamp=2026-08-20T16:01:36.000Z level=INFO subsystem=Network eventCode=LINK_HEALTH entityId=RTU-07 site=NORTH-RIDGE-17 gateway=GW-204 firmware=3.14.7 interface=cell0 latencyMs=50 queueDepth=5 reconnectCount=0 rssiDbm=-63 diskUsagePct=43 message="Cellular link health check completed"
timestamp=2026-08-20T16:01:48.000Z level=DEBUG subsystem=Storage eventCode=BUFFER_STABLE entityId=PLC-03 site=NORTH-RIDGE-17 gateway=GW-204 firmware=3.14.7 interface=rs485-1 latencyMs=18 queueDepth=6 reconnectCount=0 rssiDbm=-64 diskUsagePct=44 message="Local telemetry buffer remained within target"
timestamp=2026-08-20T16:02:00.000Z level=INFO subsystem=Sync eventCode=SYNC_OK entityId=FLOW-12 site=NORTH-RIDGE-17 gateway=GW-204 firmware=3.14.7 interface=cell0 latencyMs=22 queueDepth=2 reconnectCount=0 rssiDbm=-65 diskUsagePct=45 message="Upstream synchronization completed"
timestamp=2026-08-20T16:02:12.000Z level=INFO subsystem=Watchdog eventCode=WORKER_HEALTH entityId=PRESS-04 site=NORTH-RIDGE-17 gateway=GW-204 firmware=3.14.7 interface=rs485-1 latencyMs=26 queueDepth=3 reconnectCount=0 rssiDbm=-66 diskUsagePct=46 message="Gateway worker timing remained within target"
timestamp=2026-08-20T16:02:24.000Z level=DEBUG subsystem=Modbus eventCode=MODBUS_READ_OK entityId=PUMP-01 site=NORTH-RIDGE-17 gateway=GW-204 firmware=3.14.7 interface=rs485-1 latencyMs=30 queueDepth=4 reconnectCount=0 rssiDbm=-63 diskUsagePct=41 message="Field device register read completed"
timestamp=2026-08-20T16:02:36.000Z level=INFO subsystem=Telemetry eventCode=UPLOAD_OK entityId=PUMP-02 site=NORTH-RIDGE-17 gateway=GW-204 firmware=3.14.7 interface=cell0 latencyMs=34 queueDepth=5 reconnectCount=0 rssiDbm=-64 diskUsagePct=42 message="Telemetry batch uploaded successfully"
timestamp=2026-08-20T16:02:48.000Z level=INFO subsystem=Network eventCode=LINK_HEALTH entityId=RTU-07 site=NORTH-RIDGE-17 gateway=GW-204 firmware=3.14.7 interface=cell0 latencyMs=38 queueDepth=6 reconnectCount=0 rssiDbm=-65 diskUsagePct=43 message="Cellular link health check completed"
timestamp=2026-08-20T16:03:00.000Z level=DEBUG subsystem=Storage eventCode=BUFFER_STABLE entityId=PLC-03 site=NORTH-RIDGE-17 gateway=GW-204 firmware=3.14.7 interface=rs485-1 latencyMs=42 queueDepth=2 reconnectCount=0 rssiDbm=-66 diskUsagePct=44 message="Local telemetry buffer remained within target"
timestamp=2026-08-20T16:03:12.000Z level=INFO subsystem=Sync eventCode=SYNC_OK entityId=FLOW-12 site=NORTH-RIDGE-17 gateway=GW-204 firmware=3.14.7 interface=cell0 latencyMs=46 queueDepth=3 reconnectCount=0 rssiDbm=-63 diskUsagePct=45 message="Upstream synchronization completed"
timestamp=2026-08-20T16:03:24.000Z level=INFO subsystem=Watchdog eventCode=WORKER_HEALTH entityId=PRESS-04 site=NORTH-RIDGE-17 gateway=GW-204 firmware=3.14.7 interface=rs485-1 latencyMs=50 queueDepth=4 reconnectCount=0 rssiDbm=-64 diskUsagePct=46 message="Gateway worker timing remained within target"
timestamp=2026-08-20T16:03:36.000Z level=DEBUG subsystem=Modbus eventCode=MODBUS_READ_OK entityId=PUMP-01 site=NORTH-RIDGE-17 gateway=GW-204 firmware=3.14.7 interface=rs485-1 latencyMs=18 queueDepth=5 reconnectCount=0 rssiDbm=-65 diskUsagePct=41 message="Field device register read completed"
timestamp=2026-08-20T16:03:48.000Z level=INFO subsystem=Telemetry eventCode=UPLOAD_OK entityId=PUMP-02 site=NORTH-RIDGE-17 gateway=GW-204 firmware=3.14.7 interface=cell0 latencyMs=22 queueDepth=6 reconnectCount=0 rssiDbm=-66 diskUsagePct=42 message="Telemetry batch uploaded successfully"
timestamp=2026-08-20T16:04:00.000Z level=INFO subsystem=Network eventCode=LINK_HEALTH entityId=RTU-07 site=NORTH-RIDGE-17 gateway=GW-204 firmware=3.14.7 interface=cell0 latencyMs=26 queueDepth=2 reconnectCount=0 rssiDbm=-63 diskUsagePct=43 message="Cellular link health check completed"
timestamp=2026-08-20T16:04:12.000Z level=DEBUG subsystem=Storage eventCode=BUFFER_STABLE entityId=PLC-03 site=NORTH-RIDGE-17 gateway=GW-204 firmware=3.14.7 interface=rs485-1 latencyMs=30 queueDepth=3 reconnectCount=0 rssiDbm=-64 diskUsagePct=44 message="Local telemetry buffer remained within target"
timestamp=2026-08-20T16:04:24.000Z level=INFO subsystem=Sync eventCode=SYNC_OK entityId=FLOW-12 site=NORTH-RIDGE-17 gateway=GW-204 firmware=3.14.7 interface=cell0 latencyMs=34 queueDepth=4 reconnectCount=0 rssiDbm=-65 diskUsagePct=45 message="Upstream synchronization completed"
timestamp=2026-08-20T16:04:36.000Z level=INFO subsystem=Watchdog eventCode=WORKER_HEALTH entityId=PRESS-04 site=NORTH-RIDGE-17 gateway=GW-204 firmware=3.14.7 interface=rs485-1 latencyMs=38 queueDepth=5 reconnectCount=0 rssiDbm=-66 diskUsagePct=46 message="Gateway worker timing remained within target"
timestamp=2026-08-20T16:04:48.000Z level=DEBUG subsystem=Modbus eventCode=MODBUS_READ_OK entityId=PUMP-01 site=NORTH-RIDGE-17 gateway=GW-204 firmware=3.14.7 interface=rs485-1 latencyMs=42 queueDepth=6 reconnectCount=0 rssiDbm=-63 diskUsagePct=41 message="Field device register read completed"
timestamp=2026-08-20T16:05:00.000Z level=INFO subsystem=Telemetry eventCode=UPLOAD_OK entityId=PUMP-02 site=NORTH-RIDGE-17 gateway=GW-204 firmware=3.14.7 interface=cell0 latencyMs=46 queueDepth=2 reconnectCount=0 rssiDbm=-64 diskUsagePct=42 message="Telemetry batch uploaded successfully"
timestamp=2026-08-20T16:05:12.000Z level=INFO subsystem=Network eventCode=LINK_HEALTH entityId=RTU-07 site=NORTH-RIDGE-17 gateway=GW-204 firmware=3.14.7 interface=cell0 latencyMs=50 queueDepth=3 reconnectCount=0 rssiDbm=-65 diskUsagePct=43 message="Cellular link health check completed"
timestamp=2026-08-20T16:05:24.000Z level=DEBUG subsystem=Storage eventCode=BUFFER_STABLE entityId=PLC-03 site=NORTH-RIDGE-17 gateway=GW-204 firmware=3.14.7 interface=rs485-1 latencyMs=18 queueDepth=4 reconnectCount=0 rssiDbm=-66 diskUsagePct=44 message="Local telemetry buffer remained within target"
timestamp=2026-08-20T16:05:36.000Z level=INFO subsystem=Sync eventCode=SYNC_OK entityId=FLOW-12 site=NORTH-RIDGE-17 gateway=GW-204 firmware=3.14.7 interface=cell0 latencyMs=22 queueDepth=5 reconnectCount=0 rssiDbm=-63 diskUsagePct=45 message="Upstream synchronization completed"
timestamp=2026-08-20T16:05:48.000Z level=INFO subsystem=Watchdog eventCode=WORKER_HEALTH entityId=PRESS-04 site=NORTH-RIDGE-17 gateway=GW-204 firmware=3.14.7 interface=rs485-1 latencyMs=26 queueDepth=6 reconnectCount=0 rssiDbm=-64 diskUsagePct=46 message="Gateway worker timing remained within target"
timestamp=2026-08-20T16:06:00.000Z level=DEBUG subsystem=Modbus eventCode=MODBUS_READ_OK entityId=PUMP-01 site=NORTH-RIDGE-17 gateway=GW-204 firmware=3.14.7 interface=rs485-1 latencyMs=30 queueDepth=2 reconnectCount=0 rssiDbm=-65 diskUsagePct=41 message="Field device register read completed"
timestamp=2026-08-20T16:06:12.000Z level=INFO subsystem=Telemetry eventCode=UPLOAD_OK entityId=PUMP-02 site=NORTH-RIDGE-17 gateway=GW-204 firmware=3.14.7 interface=cell0 latencyMs=34 queueDepth=3 reconnectCount=0 rssiDbm=-66 diskUsagePct=42 message="Telemetry batch uploaded successfully"
timestamp=2026-08-20T16:06:24.000Z level=INFO subsystem=Network eventCode=LINK_HEALTH entityId=RTU-07 site=NORTH-RIDGE-17 gateway=GW-204 firmware=3.14.7 interface=cell0 latencyMs=38 queueDepth=4 reconnectCount=0 rssiDbm=-63 diskUsagePct=43 message="Cellular link health check completed"
timestamp=2026-08-20T16:06:36.000Z level=DEBUG subsystem=Storage eventCode=BUFFER_STABLE entityId=PLC-03 site=NORTH-RIDGE-17 gateway=GW-204 firmware=3.14.7 interface=rs485-1 latencyMs=42 queueDepth=5 reconnectCount=0 rssiDbm=-64 diskUsagePct=44 message="Local telemetry buffer remained within target"
timestamp=2026-08-20T16:06:48.000Z level=INFO subsystem=Sync eventCode=SYNC_OK entityId=FLOW-12 site=NORTH-RIDGE-17 gateway=GW-204 firmware=3.14.7 interface=cell0 latencyMs=46 queueDepth=6 reconnectCount=0 rssiDbm=-65 diskUsagePct=45 message="Upstream synchronization completed"
timestamp=2026-08-20T16:07:00.000Z level=INFO subsystem=Watchdog eventCode=WORKER_HEALTH entityId=PRESS-04 site=NORTH-RIDGE-17 gateway=GW-204 firmware=3.14.7 interface=rs485-1 latencyMs=50 queueDepth=2 reconnectCount=0 rssiDbm=-66 diskUsagePct=46 message="Gateway worker timing remained within target"
timestamp=2026-08-20T16:07:12.000Z level=DEBUG subsystem=Modbus eventCode=MODBUS_READ_OK entityId=PUMP-01 site=NORTH-RIDGE-17 gateway=GW-204 firmware=3.14.7 interface=rs485-1 latencyMs=18 queueDepth=3 reconnectCount=0 rssiDbm=-63 diskUsagePct=41 message="Field device register read completed"
timestamp=2026-08-20T16:07:24.000Z level=INFO subsystem=Telemetry eventCode=UPLOAD_OK entityId=PUMP-02 site=NORTH-RIDGE-17 gateway=GW-204 firmware=3.14.7 interface=cell0 latencyMs=22 queueDepth=4 reconnectCount=0 rssiDbm=-64 diskUsagePct=42 message="Telemetry batch uploaded successfully"
timestamp=2026-08-20T16:07:36.000Z level=INFO subsystem=Network eventCode=LINK_HEALTH entityId=RTU-07 site=NORTH-RIDGE-17 gateway=GW-204 firmware=3.14.7 interface=cell0 latencyMs=26 queueDepth=5 reconnectCount=0 rssiDbm=-65 diskUsagePct=43 message="Cellular link health check completed"
timestamp=2026-08-20T16:07:48.000Z level=DEBUG subsystem=Storage eventCode=BUFFER_STABLE entityId=PLC-03 site=NORTH-RIDGE-17 gateway=GW-204 firmware=3.14.7 interface=rs485-1 latencyMs=30 queueDepth=6 reconnectCount=0 rssiDbm=-66 diskUsagePct=44 message="Local telemetry buffer remained within target"
timestamp=2026-08-20T16:08:00.000Z level=INFO subsystem=Sync eventCode=SYNC_OK entityId=FLOW-12 site=NORTH-RIDGE-17 gateway=GW-204 firmware=3.14.7 interface=cell0 latencyMs=34 queueDepth=2 reconnectCount=0 rssiDbm=-63 diskUsagePct=45 message="Upstream synchronization completed"
timestamp=2026-08-20T16:08:12.000Z level=INFO subsystem=Watchdog eventCode=WORKER_HEALTH entityId=PRESS-04 site=NORTH-RIDGE-17 gateway=GW-204 firmware=3.14.7 interface=rs485-1 latencyMs=38 queueDepth=3 reconnectCount=0 rssiDbm=-64 diskUsagePct=46 message="Gateway worker timing remained within target"
timestamp=2026-08-20T16:08:24.000Z level=DEBUG subsystem=Modbus eventCode=MODBUS_READ_OK entityId=PUMP-01 site=NORTH-RIDGE-17 gateway=GW-204 firmware=3.14.7 interface=rs485-1 latencyMs=42 queueDepth=4 reconnectCount=0 rssiDbm=-65 diskUsagePct=41 message="Field device register read completed"
timestamp=2026-08-20T16:08:36.000Z level=INFO subsystem=Telemetry eventCode=UPLOAD_OK entityId=PUMP-02 site=NORTH-RIDGE-17 gateway=GW-204 firmware=3.14.7 interface=cell0 latencyMs=46 queueDepth=5 reconnectCount=0 rssiDbm=-66 diskUsagePct=42 message="Telemetry batch uploaded successfully"
timestamp=2026-08-20T16:08:48.000Z level=INFO subsystem=Network eventCode=LINK_HEALTH entityId=RTU-07 site=NORTH-RIDGE-17 gateway=GW-204 firmware=3.14.7 interface=cell0 latencyMs=50 queueDepth=6 reconnectCount=0 rssiDbm=-63 diskUsagePct=43 message="Cellular link health check completed"
timestamp=2026-08-20T16:09:00.000Z level=DEBUG subsystem=Storage eventCode=BUFFER_STABLE entityId=PLC-03 site=NORTH-RIDGE-17 gateway=GW-204 firmware=3.14.7 interface=rs485-1 latencyMs=18 queueDepth=2 reconnectCount=0 rssiDbm=-64 diskUsagePct=44 message="Local telemetry buffer remained within target"
timestamp=2026-08-20T16:09:12.000Z level=INFO subsystem=Sync eventCode=SYNC_OK entityId=FLOW-12 site=NORTH-RIDGE-17 gateway=GW-204 firmware=3.14.7 interface=cell0 latencyMs=22 queueDepth=3 reconnectCount=0 rssiDbm=-65 diskUsagePct=45 message="Upstream synchronization completed"
timestamp=2026-08-20T16:09:24.000Z level=INFO subsystem=Watchdog eventCode=WORKER_HEALTH entityId=PRESS-04 site=NORTH-RIDGE-17 gateway=GW-204 firmware=3.14.7 interface=rs485-1 latencyMs=26 queueDepth=4 reconnectCount=0 rssiDbm=-66 diskUsagePct=46 message="Gateway worker timing remained within target"
timestamp=2026-08-20T16:09:36.000Z level=DEBUG subsystem=Modbus eventCode=MODBUS_READ_OK entityId=PUMP-01 site=NORTH-RIDGE-17 gateway=GW-204 firmware=3.14.7 interface=rs485-1 latencyMs=30 queueDepth=5 reconnectCount=0 rssiDbm=-63 diskUsagePct=41 message="Field device register read completed"
timestamp=2026-08-20T16:09:48.000Z level=INFO subsystem=Telemetry eventCode=UPLOAD_OK entityId=PUMP-02 site=NORTH-RIDGE-17 gateway=GW-204 firmware=3.14.7 interface=cell0 latencyMs=34 queueDepth=6 reconnectCount=0 rssiDbm=-64 diskUsagePct=42 message="Telemetry batch uploaded successfully"
timestamp=2026-08-20T16:10:00.000Z level=INFO subsystem=Network eventCode=LINK_HEALTH entityId=RTU-07 site=NORTH-RIDGE-17 gateway=GW-204 firmware=3.14.7 interface=cell0 latencyMs=38 queueDepth=2 reconnectCount=0 rssiDbm=-65 diskUsagePct=43 message="Cellular link health check completed"
timestamp=2026-08-20T16:10:12.000Z level=DEBUG subsystem=Storage eventCode=BUFFER_STABLE entityId=PLC-03 site=NORTH-RIDGE-17 gateway=GW-204 firmware=3.14.7 interface=rs485-1 latencyMs=42 queueDepth=3 reconnectCount=0 rssiDbm=-66 diskUsagePct=44 message="Local telemetry buffer remained within target"
timestamp=2026-08-20T16:10:24.000Z level=INFO subsystem=Sync eventCode=SYNC_OK entityId=FLOW-12 site=NORTH-RIDGE-17 gateway=GW-204 firmware=3.14.7 interface=cell0 latencyMs=46 queueDepth=4 reconnectCount=0 rssiDbm=-63 diskUsagePct=45 message="Upstream synchronization completed"
timestamp=2026-08-20T16:10:31.000Z level=WARN subsystem=Network eventCode=TRANSIENT_RECOVERY entityId=PUMP-02 site=NORTH-RIDGE-17 gateway=GW-204 firmware=3.14.7 interface=cell0 latencyMs=86 queueDepth=4 reconnectCount=0 rssiDbm=-74 diskUsagePct=43 message="Single Modbus retry completed successfully"
timestamp=2026-08-20T16:10:36.000Z level=INFO subsystem=Watchdog eventCode=WORKER_HEALTH entityId=PRESS-04 site=NORTH-RIDGE-17 gateway=GW-204 firmware=3.14.7 interface=rs485-1 latencyMs=50 queueDepth=5 reconnectCount=0 rssiDbm=-64 diskUsagePct=46 message="Gateway worker timing remained within target"
timestamp=2026-08-20T16:10:48.000Z level=DEBUG subsystem=Modbus eventCode=MODBUS_READ_OK entityId=PUMP-01 site=NORTH-RIDGE-17 gateway=GW-204 firmware=3.14.7 interface=rs485-1 latencyMs=18 queueDepth=6 reconnectCount=0 rssiDbm=-65 diskUsagePct=41 message="Field device register read completed"
timestamp=2026-08-20T16:11:00.000Z level=INFO subsystem=Telemetry eventCode=UPLOAD_OK entityId=PUMP-02 site=NORTH-RIDGE-17 gateway=GW-204 firmware=3.14.7 interface=cell0 latencyMs=22 queueDepth=2 reconnectCount=0 rssiDbm=-66 diskUsagePct=42 message="Telemetry batch uploaded successfully"
timestamp=2026-08-20T16:11:12.000Z level=INFO subsystem=Network eventCode=LINK_HEALTH entityId=RTU-07 site=NORTH-RIDGE-17 gateway=GW-204 firmware=3.14.7 interface=cell0 latencyMs=26 queueDepth=3 reconnectCount=0 rssiDbm=-63 diskUsagePct=43 message="Cellular link health check completed"
timestamp=2026-08-20T16:11:24.000Z level=DEBUG subsystem=Storage eventCode=BUFFER_STABLE entityId=PLC-03 site=NORTH-RIDGE-17 gateway=GW-204 firmware=3.14.7 interface=rs485-1 latencyMs=30 queueDepth=4 reconnectCount=0 rssiDbm=-64 diskUsagePct=44 message="Local telemetry buffer remained within target"
timestamp=2026-08-20T16:11:36.000Z level=INFO subsystem=Sync eventCode=SYNC_OK entityId=FLOW-12 site=NORTH-RIDGE-17 gateway=GW-204 firmware=3.14.7 interface=cell0 latencyMs=34 queueDepth=5 reconnectCount=0 rssiDbm=-65 diskUsagePct=45 message="Upstream synchronization completed"
timestamp=2026-08-20T16:11:48.000Z level=INFO subsystem=Watchdog eventCode=WORKER_HEALTH entityId=PRESS-04 site=NORTH-RIDGE-17 gateway=GW-204 firmware=3.14.7 interface=rs485-1 latencyMs=38 queueDepth=6 reconnectCount=0 rssiDbm=-66 diskUsagePct=46 message="Gateway worker timing remained within target"
timestamp=2026-08-20T16:12:00.000Z level=DEBUG subsystem=Modbus eventCode=MODBUS_READ_OK entityId=PUMP-01 site=NORTH-RIDGE-17 gateway=GW-204 firmware=3.14.7 interface=rs485-1 latencyMs=42 queueDepth=2 reconnectCount=0 rssiDbm=-63 diskUsagePct=41 message="Field device register read completed"
timestamp=2026-08-20T16:12:12.000Z level=INFO subsystem=Telemetry eventCode=UPLOAD_OK entityId=PUMP-02 site=NORTH-RIDGE-17 gateway=GW-204 firmware=3.14.7 interface=cell0 latencyMs=46 queueDepth=3 reconnectCount=0 rssiDbm=-64 diskUsagePct=42 message="Telemetry batch uploaded successfully"
timestamp=2026-08-20T16:12:24.000Z level=INFO subsystem=Network eventCode=LINK_HEALTH entityId=RTU-07 site=NORTH-RIDGE-17 gateway=GW-204 firmware=3.14.7 interface=cell0 latencyMs=50 queueDepth=4 reconnectCount=0 rssiDbm=-65 diskUsagePct=43 message="Cellular link health check completed"
timestamp=2026-08-20T16:12:36.000Z level=DEBUG subsystem=Storage eventCode=BUFFER_STABLE entityId=PLC-03 site=NORTH-RIDGE-17 gateway=GW-204 firmware=3.14.7 interface=rs485-1 latencyMs=18 queueDepth=5 reconnectCount=0 rssiDbm=-66 diskUsagePct=44 message="Local telemetry buffer remained within target"
timestamp=2026-08-20T16:12:48.000Z level=INFO subsystem=Sync eventCode=SYNC_OK entityId=FLOW-12 site=NORTH-RIDGE-17 gateway=GW-204 firmware=3.14.7 interface=cell0 latencyMs=22 queueDepth=6 reconnectCount=0 rssiDbm=-63 diskUsagePct=45 message="Upstream synchronization completed"
timestamp=2026-08-20T16:13:00.000Z level=INFO subsystem=Watchdog eventCode=WORKER_HEALTH entityId=PRESS-04 site=NORTH-RIDGE-17 gateway=GW-204 firmware=3.14.7 interface=rs485-1 latencyMs=26 queueDepth=2 reconnectCount=0 rssiDbm=-64 diskUsagePct=46 message="Gateway worker timing remained within target"
timestamp=2026-08-20T16:13:12.000Z level=DEBUG subsystem=Modbus eventCode=MODBUS_READ_OK entityId=PUMP-01 site=NORTH-RIDGE-17 gateway=GW-204 firmware=3.14.7 interface=rs485-1 latencyMs=30 queueDepth=3 reconnectCount=0 rssiDbm=-65 diskUsagePct=41 message="Field device register read completed"
timestamp=2026-08-20T16:13:24.000Z level=INFO subsystem=Telemetry eventCode=UPLOAD_OK entityId=PUMP-02 site=NORTH-RIDGE-17 gateway=GW-204 firmware=3.14.7 interface=cell0 latencyMs=34 queueDepth=4 reconnectCount=0 rssiDbm=-66 diskUsagePct=42 message="Telemetry batch uploaded successfully"
timestamp=2026-08-20T16:13:36.000Z level=INFO subsystem=Network eventCode=LINK_HEALTH entityId=RTU-07 site=NORTH-RIDGE-17 gateway=GW-204 firmware=3.14.7 interface=cell0 latencyMs=38 queueDepth=5 reconnectCount=0 rssiDbm=-63 diskUsagePct=43 message="Cellular link health check completed"
timestamp=2026-08-20T16:13:48.000Z level=DEBUG subsystem=Storage eventCode=BUFFER_STABLE entityId=PLC-03 site=NORTH-RIDGE-17 gateway=GW-204 firmware=3.14.7 interface=rs485-1 latencyMs=42 queueDepth=6 reconnectCount=0 rssiDbm=-64 diskUsagePct=44 message="Local telemetry buffer remained within target"
timestamp=2026-08-20T16:14:00.000Z level=INFO subsystem=Sync eventCode=SYNC_OK entityId=FLOW-12 site=NORTH-RIDGE-17 gateway=GW-204 firmware=3.14.7 interface=cell0 latencyMs=46 queueDepth=2 reconnectCount=0 rssiDbm=-65 diskUsagePct=45 message="Upstream synchronization completed"
timestamp=2026-08-20T16:14:12.000Z level=INFO subsystem=Watchdog eventCode=WORKER_HEALTH entityId=PRESS-04 site=NORTH-RIDGE-17 gateway=GW-204 firmware=3.14.7 interface=rs485-1 latencyMs=50 queueDepth=3 reconnectCount=0 rssiDbm=-66 diskUsagePct=46 message="Gateway worker timing remained within target"
timestamp=2026-08-20T16:14:24.000Z level=DEBUG subsystem=Modbus eventCode=MODBUS_READ_OK entityId=PUMP-01 site=NORTH-RIDGE-17 gateway=GW-204 firmware=3.14.7 interface=rs485-1 latencyMs=18 queueDepth=4 reconnectCount=0 rssiDbm=-63 diskUsagePct=41 message="Field device register read completed"
timestamp=2026-08-20T16:14:36.000Z level=INFO subsystem=Telemetry eventCode=UPLOAD_OK entityId=PUMP-02 site=NORTH-RIDGE-17 gateway=GW-204 firmware=3.14.7 interface=cell0 latencyMs=22 queueDepth=5 reconnectCount=0 rssiDbm=-64 diskUsagePct=42 message="Telemetry batch uploaded successfully"
timestamp=2026-08-20T16:14:48.000Z level=INFO subsystem=Network eventCode=LINK_HEALTH entityId=RTU-07 site=NORTH-RIDGE-17 gateway=GW-204 firmware=3.14.7 interface=cell0 latencyMs=26 queueDepth=6 reconnectCount=0 rssiDbm=-65 diskUsagePct=43 message="Cellular link health check completed"
timestamp=2026-08-20T16:15:00.000Z level=DEBUG subsystem=Storage eventCode=BUFFER_STABLE entityId=PLC-03 site=NORTH-RIDGE-17 gateway=GW-204 firmware=3.14.7 interface=rs485-1 latencyMs=30 queueDepth=2 reconnectCount=0 rssiDbm=-66 diskUsagePct=44 message="Local telemetry buffer remained within target"
timestamp=2026-08-20T16:15:12.000Z level=INFO subsystem=Sync eventCode=SYNC_OK entityId=FLOW-12 site=NORTH-RIDGE-17 gateway=GW-204 firmware=3.14.7 interface=cell0 latencyMs=34 queueDepth=3 reconnectCount=0 rssiDbm=-63 diskUsagePct=45 message="Upstream synchronization completed"
timestamp=2026-08-20T16:15:24.000Z level=INFO subsystem=Watchdog eventCode=WORKER_HEALTH entityId=PRESS-04 site=NORTH-RIDGE-17 gateway=GW-204 firmware=3.14.7 interface=rs485-1 latencyMs=38 queueDepth=4 reconnectCount=0 rssiDbm=-64 diskUsagePct=46 message="Gateway worker timing remained within target"
timestamp=2026-08-20T16:15:36.000Z level=DEBUG subsystem=Modbus eventCode=MODBUS_READ_OK entityId=PUMP-01 site=NORTH-RIDGE-17 gateway=GW-204 firmware=3.14.7 interface=rs485-1 latencyMs=42 queueDepth=5 reconnectCount=0 rssiDbm=-65 diskUsagePct=41 message="Field device register read completed"
timestamp=2026-08-20T16:15:48.000Z level=INFO subsystem=Telemetry eventCode=UPLOAD_OK entityId=PUMP-02 site=NORTH-RIDGE-17 gateway=GW-204 firmware=3.14.7 interface=cell0 latencyMs=46 queueDepth=6 reconnectCount=0 rssiDbm=-66 diskUsagePct=42 message="Telemetry batch uploaded successfully"
timestamp=2026-08-20T16:16:00.000Z level=INFO subsystem=Network eventCode=LINK_HEALTH entityId=RTU-07 site=NORTH-RIDGE-17 gateway=GW-204 firmware=3.14.7 interface=cell0 latencyMs=50 queueDepth=2 reconnectCount=0 rssiDbm=-63 diskUsagePct=43 message="Cellular link health check completed"
timestamp=2026-08-20T16:16:12.000Z level=DEBUG subsystem=Storage eventCode=BUFFER_STABLE entityId=PLC-03 site=NORTH-RIDGE-17 gateway=GW-204 firmware=3.14.7 interface=rs485-1 latencyMs=18 queueDepth=3 reconnectCount=0 rssiDbm=-64 diskUsagePct=44 message="Local telemetry buffer remained within target"
timestamp=2026-08-20T16:16:24.000Z level=INFO subsystem=Sync eventCode=SYNC_OK entityId=FLOW-12 site=NORTH-RIDGE-17 gateway=GW-204 firmware=3.14.7 interface=cell0 latencyMs=22 queueDepth=4 reconnectCount=0 rssiDbm=-65 diskUsagePct=45 message="Upstream synchronization completed"
timestamp=2026-08-20T16:16:36.000Z level=INFO subsystem=Watchdog eventCode=WORKER_HEALTH entityId=PRESS-04 site=NORTH-RIDGE-17 gateway=GW-204 firmware=3.14.7 interface=rs485-1 latencyMs=26 queueDepth=5 reconnectCount=0 rssiDbm=-66 diskUsagePct=46 message="Gateway worker timing remained within target"
timestamp=2026-08-20T16:16:48.000Z level=DEBUG subsystem=Modbus eventCode=MODBUS_READ_OK entityId=PUMP-01 site=NORTH-RIDGE-17 gateway=GW-204 firmware=3.14.7 interface=rs485-1 latencyMs=30 queueDepth=6 reconnectCount=0 rssiDbm=-63 diskUsagePct=41 message="Field device register read completed"
timestamp=2026-08-20T16:17:00.000Z level=INFO subsystem=Telemetry eventCode=UPLOAD_OK entityId=PUMP-02 site=NORTH-RIDGE-17 gateway=GW-204 firmware=3.14.7 interface=cell0 latencyMs=34 queueDepth=2 reconnectCount=0 rssiDbm=-64 diskUsagePct=42 message="Telemetry batch uploaded successfully"
timestamp=2026-08-20T16:17:12.000Z level=INFO subsystem=Network eventCode=LINK_HEALTH entityId=RTU-07 site=NORTH-RIDGE-17 gateway=GW-204 firmware=3.14.7 interface=cell0 latencyMs=38 queueDepth=3 reconnectCount=0 rssiDbm=-65 diskUsagePct=43 message="Cellular link health check completed"
timestamp=2026-08-20T16:17:24.000Z level=DEBUG subsystem=Storage eventCode=BUFFER_STABLE entityId=PLC-03 site=NORTH-RIDGE-17 gateway=GW-204 firmware=3.14.7 interface=rs485-1 latencyMs=42 queueDepth=4 reconnectCount=0 rssiDbm=-66 diskUsagePct=44 message="Local telemetry buffer remained within target"
timestamp=2026-08-20T16:17:36.000Z level=INFO subsystem=Sync eventCode=SYNC_OK entityId=FLOW-12 site=NORTH-RIDGE-17 gateway=GW-204 firmware=3.14.7 interface=cell0 latencyMs=46 queueDepth=5 reconnectCount=0 rssiDbm=-63 diskUsagePct=45 message="Upstream synchronization completed"
timestamp=2026-08-20T16:17:48.000Z level=INFO subsystem=Watchdog eventCode=WORKER_HEALTH entityId=PRESS-04 site=NORTH-RIDGE-17 gateway=GW-204 firmware=3.14.7 interface=rs485-1 latencyMs=50 queueDepth=6 reconnectCount=0 rssiDbm=-64 diskUsagePct=46 message="Gateway worker timing remained within target"
timestamp=2026-08-20T16:18:00.000Z level=DEBUG subsystem=Modbus eventCode=MODBUS_READ_OK entityId=PUMP-01 site=NORTH-RIDGE-17 gateway=GW-204 firmware=3.14.7 interface=rs485-1 latencyMs=18 queueDepth=2 reconnectCount=0 rssiDbm=-65 diskUsagePct=41 message="Field device register read completed"
timestamp=2026-08-20T16:18:12.000Z level=INFO subsystem=Telemetry eventCode=UPLOAD_OK entityId=PUMP-02 site=NORTH-RIDGE-17 gateway=GW-204 firmware=3.14.7 interface=cell0 latencyMs=22 queueDepth=3 reconnectCount=0 rssiDbm=-66 diskUsagePct=42 message="Telemetry batch uploaded successfully"
timestamp=2026-08-20T16:18:24.000Z level=INFO subsystem=Network eventCode=LINK_HEALTH entityId=RTU-07 site=NORTH-RIDGE-17 gateway=GW-204 firmware=3.14.7 interface=cell0 latencyMs=26 queueDepth=4 reconnectCount=0 rssiDbm=-63 diskUsagePct=43 message="Cellular link health check completed"
timestamp=2026-08-20T16:18:36.000Z level=DEBUG subsystem=Storage eventCode=BUFFER_STABLE entityId=PLC-03 site=NORTH-RIDGE-17 gateway=GW-204 firmware=3.14.7 interface=rs485-1 latencyMs=30 queueDepth=5 reconnectCount=0 rssiDbm=-64 diskUsagePct=44 message="Local telemetry buffer remained within target"
timestamp=2026-08-20T16:18:48.000Z level=INFO subsystem=Sync eventCode=SYNC_OK entityId=FLOW-12 site=NORTH-RIDGE-17 gateway=GW-204 firmware=3.14.7 interface=cell0 latencyMs=34 queueDepth=6 reconnectCount=0 rssiDbm=-65 diskUsagePct=45 message="Upstream synchronization completed"
timestamp=2026-08-20T16:19:00.000Z level=INFO subsystem=Watchdog eventCode=WORKER_HEALTH entityId=PRESS-04 site=NORTH-RIDGE-17 gateway=GW-204 firmware=3.14.7 interface=rs485-1 latencyMs=38 queueDepth=2 reconnectCount=0 rssiDbm=-66 diskUsagePct=46 message="Gateway worker timing remained within target"
timestamp=2026-08-20T16:19:12.000Z level=DEBUG subsystem=Modbus eventCode=MODBUS_READ_OK entityId=PUMP-01 site=NORTH-RIDGE-17 gateway=GW-204 firmware=3.14.7 interface=rs485-1 latencyMs=42 queueDepth=3 reconnectCount=0 rssiDbm=-63 diskUsagePct=41 message="Field device register read completed"
timestamp=2026-08-20T16:19:24.000Z level=INFO subsystem=Telemetry eventCode=UPLOAD_OK entityId=PUMP-02 site=NORTH-RIDGE-17 gateway=GW-204 firmware=3.14.7 interface=cell0 latencyMs=46 queueDepth=4 reconnectCount=0 rssiDbm=-64 diskUsagePct=42 message="Telemetry batch uploaded successfully"
timestamp=2026-08-20T16:19:36.000Z level=INFO subsystem=Network eventCode=LINK_HEALTH entityId=RTU-07 site=NORTH-RIDGE-17 gateway=GW-204 firmware=3.14.7 interface=cell0 latencyMs=50 queueDepth=5 reconnectCount=0 rssiDbm=-65 diskUsagePct=43 message="Cellular link health check completed"
timestamp=2026-08-20T16:19:48.000Z level=DEBUG subsystem=Storage eventCode=BUFFER_STABLE entityId=PLC-03 site=NORTH-RIDGE-17 gateway=GW-204 firmware=3.14.7 interface=rs485-1 latencyMs=18 queueDepth=6 reconnectCount=0 rssiDbm=-66 diskUsagePct=44 message="Local telemetry buffer remained within target"
timestamp=2026-08-20T16:20:00.000Z level=INFO subsystem=Sync eventCode=SYNC_OK entityId=FLOW-12 site=NORTH-RIDGE-17 gateway=GW-204 firmware=3.14.7 interface=cell0 latencyMs=22 queueDepth=2 reconnectCount=0 rssiDbm=-63 diskUsagePct=45 message="Upstream synchronization completed"
timestamp=2026-08-20T16:20:12.000Z level=INFO subsystem=Watchdog eventCode=WORKER_HEALTH entityId=PRESS-04 site=NORTH-RIDGE-17 gateway=GW-204 firmware=3.14.7 interface=rs485-1 latencyMs=26 queueDepth=3 reconnectCount=0 rssiDbm=-64 diskUsagePct=46 message="Gateway worker timing remained within target"
timestamp=2026-08-20T16:20:24.000Z level=DEBUG subsystem=Modbus eventCode=MODBUS_READ_OK entityId=PUMP-01 site=NORTH-RIDGE-17 gateway=GW-204 firmware=3.14.7 interface=rs485-1 latencyMs=30 queueDepth=4 reconnectCount=0 rssiDbm=-65 diskUsagePct=41 message="Field device register read completed"
timestamp=2026-08-20T16:20:36.000Z level=INFO subsystem=Telemetry eventCode=UPLOAD_OK entityId=PUMP-02 site=NORTH-RIDGE-17 gateway=GW-204 firmware=3.14.7 interface=cell0 latencyMs=34 queueDepth=5 reconnectCount=0 rssiDbm=-66 diskUsagePct=42 message="Telemetry batch uploaded successfully"
timestamp=2026-08-20T16:20:48.000Z level=INFO subsystem=Network eventCode=LINK_HEALTH entityId=RTU-07 site=NORTH-RIDGE-17 gateway=GW-204 firmware=3.14.7 interface=cell0 latencyMs=38 queueDepth=6 reconnectCount=0 rssiDbm=-63 diskUsagePct=43 message="Cellular link health check completed"
timestamp=2026-08-20T16:21:00.000Z level=DEBUG subsystem=Storage eventCode=BUFFER_STABLE entityId=PLC-03 site=NORTH-RIDGE-17 gateway=GW-204 firmware=3.14.7 interface=rs485-1 latencyMs=42 queueDepth=2 reconnectCount=0 rssiDbm=-64 diskUsagePct=44 message="Local telemetry buffer remained within target"
timestamp=2026-08-20T16:21:12.000Z level=INFO subsystem=Sync eventCode=SYNC_OK entityId=FLOW-12 site=NORTH-RIDGE-17 gateway=GW-204 firmware=3.14.7 interface=cell0 latencyMs=46 queueDepth=3 reconnectCount=0 rssiDbm=-65 diskUsagePct=45 message="Upstream synchronization completed"
timestamp=2026-08-20T16:21:24.000Z level=INFO subsystem=Watchdog eventCode=WORKER_HEALTH entityId=PRESS-04 site=NORTH-RIDGE-17 gateway=GW-204 firmware=3.14.7 interface=rs485-1 latencyMs=50 queueDepth=4 reconnectCount=0 rssiDbm=-66 diskUsagePct=46 message="Gateway worker timing remained within target"
timestamp=2026-08-20T16:21:36.000Z level=DEBUG subsystem=Modbus eventCode=MODBUS_READ_OK entityId=PUMP-01 site=NORTH-RIDGE-17 gateway=GW-204 firmware=3.14.7 interface=rs485-1 latencyMs=18 queueDepth=5 reconnectCount=0 rssiDbm=-63 diskUsagePct=41 message="Field device register read completed"
timestamp=2026-08-20T16:21:48.000Z level=INFO subsystem=Telemetry eventCode=UPLOAD_OK entityId=PUMP-02 site=NORTH-RIDGE-17 gateway=GW-204 firmware=3.14.7 interface=cell0 latencyMs=22 queueDepth=6 reconnectCount=0 rssiDbm=-64 diskUsagePct=42 message="Telemetry batch uploaded successfully"
timestamp=2026-08-20T16:22:00.000Z level=INFO subsystem=Network eventCode=LINK_HEALTH entityId=RTU-07 site=NORTH-RIDGE-17 gateway=GW-204 firmware=3.14.7 interface=cell0 latencyMs=26 queueDepth=2 reconnectCount=0 rssiDbm=-65 diskUsagePct=43 message="Cellular link health check completed"
timestamp=2026-08-20T16:22:12.000Z level=DEBUG subsystem=Storage eventCode=BUFFER_STABLE entityId=PLC-03 site=NORTH-RIDGE-17 gateway=GW-204 firmware=3.14.7 interface=rs485-1 latencyMs=30 queueDepth=3 reconnectCount=0 rssiDbm=-66 diskUsagePct=44 message="Local telemetry buffer remained within target"
timestamp=2026-08-20T16:22:24.000Z level=INFO subsystem=Sync eventCode=SYNC_OK entityId=FLOW-12 site=NORTH-RIDGE-17 gateway=GW-204 firmware=3.14.7 interface=cell0 latencyMs=34 queueDepth=4 reconnectCount=0 rssiDbm=-63 diskUsagePct=45 message="Upstream synchronization completed"
timestamp=2026-08-20T16:22:36.000Z level=INFO subsystem=Watchdog eventCode=WORKER_HEALTH entityId=PRESS-04 site=NORTH-RIDGE-17 gateway=GW-204 firmware=3.14.7 interface=rs485-1 latencyMs=38 queueDepth=5 reconnectCount=0 rssiDbm=-64 diskUsagePct=46 message="Gateway worker timing remained within target"
timestamp=2026-08-20T16:22:48.000Z level=DEBUG subsystem=Modbus eventCode=MODBUS_READ_OK entityId=PUMP-01 site=NORTH-RIDGE-17 gateway=GW-204 firmware=3.14.7 interface=rs485-1 latencyMs=42 queueDepth=6 reconnectCount=0 rssiDbm=-65 diskUsagePct=41 message="Field device register read completed"
timestamp=2026-08-20T16:23:00.000Z level=INFO subsystem=Telemetry eventCode=UPLOAD_OK entityId=PUMP-02 site=NORTH-RIDGE-17 gateway=GW-204 firmware=3.14.7 interface=cell0 latencyMs=46 queueDepth=2 reconnectCount=0 rssiDbm=-66 diskUsagePct=42 message="Telemetry batch uploaded successfully"
timestamp=2026-08-20T16:23:12.000Z level=INFO subsystem=Network eventCode=LINK_HEALTH entityId=RTU-07 site=NORTH-RIDGE-17 gateway=GW-204 firmware=3.14.7 interface=cell0 latencyMs=50 queueDepth=3 reconnectCount=0 rssiDbm=-63 diskUsagePct=43 message="Cellular link health check completed"
timestamp=2026-08-20T16:23:24.000Z level=DEBUG subsystem=Storage eventCode=BUFFER_STABLE entityId=PLC-03 site=NORTH-RIDGE-17 gateway=GW-204 firmware=3.14.7 interface=rs485-1 latencyMs=18 queueDepth=4 reconnectCount=0 rssiDbm=-64 diskUsagePct=44 message="Local telemetry buffer remained within target"
timestamp=2026-08-20T16:23:36.000Z level=INFO subsystem=Sync eventCode=SYNC_OK entityId=FLOW-12 site=NORTH-RIDGE-17 gateway=GW-204 firmware=3.14.7 interface=cell0 latencyMs=22 queueDepth=5 reconnectCount=0 rssiDbm=-65 diskUsagePct=45 message="Upstream synchronization completed"
timestamp=2026-08-20T16:23:48.000Z level=INFO subsystem=Watchdog eventCode=WORKER_HEALTH entityId=PRESS-04 site=NORTH-RIDGE-17 gateway=GW-204 firmware=3.14.7 interface=rs485-1 latencyMs=26 queueDepth=6 reconnectCount=0 rssiDbm=-66 diskUsagePct=46 message="Gateway worker timing remained within target"
timestamp=2026-08-20T16:24:00.000Z level=DEBUG subsystem=Modbus eventCode=MODBUS_READ_OK entityId=PUMP-01 site=NORTH-RIDGE-17 gateway=GW-204 firmware=3.14.7 interface=rs485-1 latencyMs=30 queueDepth=2 reconnectCount=0 rssiDbm=-63 diskUsagePct=41 message="Field device register read completed"
timestamp=2026-08-20T16:24:12.000Z level=INFO subsystem=Telemetry eventCode=UPLOAD_OK entityId=PUMP-02 site=NORTH-RIDGE-17 gateway=GW-204 firmware=3.14.7 interface=cell0 latencyMs=34 queueDepth=3 reconnectCount=0 rssiDbm=-64 diskUsagePct=42 message="Telemetry batch uploaded successfully"
timestamp=2026-08-20T16:24:24.000Z level=INFO subsystem=Network eventCode=LINK_HEALTH entityId=RTU-07 site=NORTH-RIDGE-17 gateway=GW-204 firmware=3.14.7 interface=cell0 latencyMs=38 queueDepth=4 reconnectCount=0 rssiDbm=-65 diskUsagePct=43 message="Cellular link health check completed"
timestamp=2026-08-20T16:24:36.000Z level=DEBUG subsystem=Storage eventCode=BUFFER_STABLE entityId=PLC-03 site=NORTH-RIDGE-17 gateway=GW-204 firmware=3.14.7 interface=rs485-1 latencyMs=42 queueDepth=5 reconnectCount=0 rssiDbm=-66 diskUsagePct=44 message="Local telemetry buffer remained within target"
timestamp=2026-08-20T16:24:48.000Z level=INFO subsystem=Sync eventCode=SYNC_OK entityId=FLOW-12 site=NORTH-RIDGE-17 gateway=GW-204 firmware=3.14.7 interface=cell0 latencyMs=46 queueDepth=6 reconnectCount=0 rssiDbm=-63 diskUsagePct=45 message="Upstream synchronization completed"
timestamp=2026-08-20T16:25:00.000Z level=INFO subsystem=Watchdog eventCode=WORKER_HEALTH entityId=PRESS-04 site=NORTH-RIDGE-17 gateway=GW-204 firmware=3.14.7 interface=rs485-1 latencyMs=50 queueDepth=2 reconnectCount=0 rssiDbm=-64 diskUsagePct=46 message="Gateway worker timing remained within target"
timestamp=2026-08-20T16:25:12.000Z level=DEBUG subsystem=Modbus eventCode=MODBUS_READ_OK entityId=PUMP-01 site=NORTH-RIDGE-17 gateway=GW-204 firmware=3.14.7 interface=rs485-1 latencyMs=18 queueDepth=3 reconnectCount=0 rssiDbm=-65 diskUsagePct=41 message="Field device register read completed"
timestamp=2026-08-20T16:25:24.000Z level=INFO subsystem=Telemetry eventCode=UPLOAD_OK entityId=PUMP-02 site=NORTH-RIDGE-17 gateway=GW-204 firmware=3.14.7 interface=cell0 latencyMs=22 queueDepth=4 reconnectCount=0 rssiDbm=-66 diskUsagePct=42 message="Telemetry batch uploaded successfully"
timestamp=2026-08-20T16:25:36.000Z level=INFO subsystem=Network eventCode=LINK_HEALTH entityId=RTU-07 site=NORTH-RIDGE-17 gateway=GW-204 firmware=3.14.7 interface=cell0 latencyMs=26 queueDepth=5 reconnectCount=0 rssiDbm=-63 diskUsagePct=43 message="Cellular link health check completed"
timestamp=2026-08-20T16:25:47.000Z level=WARN subsystem=Network eventCode=TRANSIENT_RECOVERY entityId=PUMP-01 site=NORTH-RIDGE-17 gateway=GW-204 firmware=3.14.7 interface=cell0 latencyMs=86 queueDepth=4 reconnectCount=0 rssiDbm=-74 diskUsagePct=43 message="Transient signal dip recovered without disconnect"
timestamp=2026-08-20T16:25:48.000Z level=DEBUG subsystem=Storage eventCode=BUFFER_STABLE entityId=PLC-03 site=NORTH-RIDGE-17 gateway=GW-204 firmware=3.14.7 interface=rs485-1 latencyMs=30 queueDepth=6 reconnectCount=0 rssiDbm=-64 diskUsagePct=44 message="Local telemetry buffer remained within target"
timestamp=2026-08-20T16:26:00.000Z level=INFO subsystem=Sync eventCode=SYNC_OK entityId=FLOW-12 site=NORTH-RIDGE-17 gateway=GW-204 firmware=3.14.7 interface=cell0 latencyMs=34 queueDepth=2 reconnectCount=0 rssiDbm=-65 diskUsagePct=45 message="Upstream synchronization completed"
timestamp=2026-08-20T16:26:12.000Z level=INFO subsystem=Watchdog eventCode=WORKER_HEALTH entityId=PRESS-04 site=NORTH-RIDGE-17 gateway=GW-204 firmware=3.14.7 interface=rs485-1 latencyMs=38 queueDepth=3 reconnectCount=0 rssiDbm=-66 diskUsagePct=46 message="Gateway worker timing remained within target"
timestamp=2026-08-20T16:26:24.000Z level=DEBUG subsystem=Modbus eventCode=MODBUS_READ_OK entityId=PUMP-01 site=NORTH-RIDGE-17 gateway=GW-204 firmware=3.14.7 interface=rs485-1 latencyMs=42 queueDepth=4 reconnectCount=0 rssiDbm=-63 diskUsagePct=41 message="Field device register read completed"
timestamp=2026-08-20T16:26:36.000Z level=INFO subsystem=Telemetry eventCode=UPLOAD_OK entityId=PUMP-02 site=NORTH-RIDGE-17 gateway=GW-204 firmware=3.14.7 interface=cell0 latencyMs=46 queueDepth=5 reconnectCount=0 rssiDbm=-64 diskUsagePct=42 message="Telemetry batch uploaded successfully"
timestamp=2026-08-20T16:26:48.000Z level=INFO subsystem=Network eventCode=LINK_HEALTH entityId=RTU-07 site=NORTH-RIDGE-17 gateway=GW-204 firmware=3.14.7 interface=cell0 latencyMs=50 queueDepth=6 reconnectCount=0 rssiDbm=-65 diskUsagePct=43 message="Cellular link health check completed"
timestamp=2026-08-20T16:27:00.000Z level=DEBUG subsystem=Storage eventCode=BUFFER_STABLE entityId=PLC-03 site=NORTH-RIDGE-17 gateway=GW-204 firmware=3.14.7 interface=rs485-1 latencyMs=18 queueDepth=2 reconnectCount=0 rssiDbm=-66 diskUsagePct=44 message="Local telemetry buffer remained within target"
timestamp=2026-08-20T16:27:12.000Z level=INFO subsystem=Sync eventCode=SYNC_OK entityId=FLOW-12 site=NORTH-RIDGE-17 gateway=GW-204 firmware=3.14.7 interface=cell0 latencyMs=22 queueDepth=3 reconnectCount=0 rssiDbm=-63 diskUsagePct=45 message="Upstream synchronization completed"
timestamp=2026-08-20T16:27:24.000Z level=INFO subsystem=Watchdog eventCode=WORKER_HEALTH entityId=PRESS-04 site=NORTH-RIDGE-17 gateway=GW-204 firmware=3.14.7 interface=rs485-1 latencyMs=26 queueDepth=4 reconnectCount=0 rssiDbm=-64 diskUsagePct=46 message="Gateway worker timing remained within target"
timestamp=2026-08-20T16:27:36.000Z level=DEBUG subsystem=Modbus eventCode=MODBUS_READ_OK entityId=PUMP-01 site=NORTH-RIDGE-17 gateway=GW-204 firmware=3.14.7 interface=rs485-1 latencyMs=30 queueDepth=5 reconnectCount=0 rssiDbm=-65 diskUsagePct=41 message="Field device register read completed"
timestamp=2026-08-20T16:27:48.000Z level=INFO subsystem=Telemetry eventCode=UPLOAD_OK entityId=PUMP-02 site=NORTH-RIDGE-17 gateway=GW-204 firmware=3.14.7 interface=cell0 latencyMs=34 queueDepth=6 reconnectCount=0 rssiDbm=-66 diskUsagePct=42 message="Telemetry batch uploaded successfully"
timestamp=2026-08-20T16:28:00.000Z level=INFO subsystem=Network eventCode=LINK_HEALTH entityId=RTU-07 site=NORTH-RIDGE-17 gateway=GW-204 firmware=3.14.7 interface=cell0 latencyMs=38 queueDepth=2 reconnectCount=0 rssiDbm=-63 diskUsagePct=43 message="Cellular link health check completed"
timestamp=2026-08-20T16:28:12.000Z level=DEBUG subsystem=Storage eventCode=BUFFER_STABLE entityId=PLC-03 site=NORTH-RIDGE-17 gateway=GW-204 firmware=3.14.7 interface=rs485-1 latencyMs=42 queueDepth=3 reconnectCount=0 rssiDbm=-64 diskUsagePct=44 message="Local telemetry buffer remained within target"
timestamp=2026-08-20T16:28:24.000Z level=INFO subsystem=Sync eventCode=SYNC_OK entityId=FLOW-12 site=NORTH-RIDGE-17 gateway=GW-204 firmware=3.14.7 interface=cell0 latencyMs=46 queueDepth=4 reconnectCount=0 rssiDbm=-65 diskUsagePct=45 message="Upstream synchronization completed"
timestamp=2026-08-20T16:28:36.000Z level=INFO subsystem=Watchdog eventCode=WORKER_HEALTH entityId=PRESS-04 site=NORTH-RIDGE-17 gateway=GW-204 firmware=3.14.7 interface=rs485-1 latencyMs=50 queueDepth=5 reconnectCount=0 rssiDbm=-66 diskUsagePct=46 message="Gateway worker timing remained within target"
timestamp=2026-08-20T16:28:48.000Z level=DEBUG subsystem=Modbus eventCode=MODBUS_READ_OK entityId=PUMP-01 site=NORTH-RIDGE-17 gateway=GW-204 firmware=3.14.7 interface=rs485-1 latencyMs=18 queueDepth=6 reconnectCount=0 rssiDbm=-63 diskUsagePct=41 message="Field device register read completed"
timestamp=2026-08-20T16:29:00.000Z level=INFO subsystem=Telemetry eventCode=UPLOAD_OK entityId=PUMP-02 site=NORTH-RIDGE-17 gateway=GW-204 firmware=3.14.7 interface=cell0 latencyMs=22 queueDepth=2 reconnectCount=0 rssiDbm=-64 diskUsagePct=42 message="Telemetry batch uploaded successfully"
timestamp=2026-08-20T16:29:12.000Z level=INFO subsystem=Network eventCode=LINK_HEALTH entityId=RTU-07 site=NORTH-RIDGE-17 gateway=GW-204 firmware=3.14.7 interface=cell0 latencyMs=26 queueDepth=3 reconnectCount=0 rssiDbm=-65 diskUsagePct=43 message="Cellular link health check completed"
timestamp=2026-08-20T16:29:24.000Z level=DEBUG subsystem=Storage eventCode=BUFFER_STABLE entityId=PLC-03 site=NORTH-RIDGE-17 gateway=GW-204 firmware=3.14.7 interface=rs485-1 latencyMs=30 queueDepth=4 reconnectCount=0 rssiDbm=-66 diskUsagePct=44 message="Local telemetry buffer remained within target"
timestamp=2026-08-20T16:29:36.000Z level=INFO subsystem=Sync eventCode=SYNC_OK entityId=FLOW-12 site=NORTH-RIDGE-17 gateway=GW-204 firmware=3.14.7 interface=cell0 latencyMs=34 queueDepth=5 reconnectCount=0 rssiDbm=-63 diskUsagePct=45 message="Upstream synchronization completed"
timestamp=2026-08-20T16:29:48.000Z level=INFO subsystem=Watchdog eventCode=WORKER_HEALTH entityId=PRESS-04 site=NORTH-RIDGE-17 gateway=GW-204 firmware=3.14.7 interface=rs485-1 latencyMs=38 queueDepth=6 reconnectCount=0 rssiDbm=-64 diskUsagePct=46 message="Gateway worker timing remained within target"
timestamp=2026-08-20T16:30:00.000Z level=DEBUG subsystem=Modbus eventCode=MODBUS_READ_OK entityId=PUMP-01 site=NORTH-RIDGE-17 gateway=GW-204 firmware=3.14.7 interface=rs485-1 latencyMs=42 queueDepth=2 reconnectCount=0 rssiDbm=-65 diskUsagePct=41 message="Field device register read completed"
timestamp=2026-08-20T16:30:12.000Z level=INFO subsystem=Telemetry eventCode=UPLOAD_OK entityId=PUMP-02 site=NORTH-RIDGE-17 gateway=GW-204 firmware=3.14.7 interface=cell0 latencyMs=46 queueDepth=3 reconnectCount=0 rssiDbm=-66 diskUsagePct=42 message="Telemetry batch uploaded successfully"
timestamp=2026-08-20T16:30:24.000Z level=INFO subsystem=Network eventCode=LINK_HEALTH entityId=RTU-07 site=NORTH-RIDGE-17 gateway=GW-204 firmware=3.14.7 interface=cell0 latencyMs=50 queueDepth=4 reconnectCount=0 rssiDbm=-63 diskUsagePct=43 message="Cellular link health check completed"
timestamp=2026-08-20T16:30:36.000Z level=DEBUG subsystem=Storage eventCode=BUFFER_STABLE entityId=PLC-03 site=NORTH-RIDGE-17 gateway=GW-204 firmware=3.14.7 interface=rs485-1 latencyMs=18 queueDepth=5 reconnectCount=0 rssiDbm=-64 diskUsagePct=44 message="Local telemetry buffer remained within target"
timestamp=2026-08-20T16:30:48.000Z level=INFO subsystem=Sync eventCode=SYNC_OK entityId=FLOW-12 site=NORTH-RIDGE-17 gateway=GW-204 firmware=3.14.7 interface=cell0 latencyMs=22 queueDepth=6 reconnectCount=0 rssiDbm=-65 diskUsagePct=45 message="Upstream synchronization completed"
timestamp=2026-08-20T16:31:00.000Z level=INFO subsystem=Watchdog eventCode=WORKER_HEALTH entityId=PRESS-04 site=NORTH-RIDGE-17 gateway=GW-204 firmware=3.14.7 interface=rs485-1 latencyMs=26 queueDepth=2 reconnectCount=0 rssiDbm=-66 diskUsagePct=46 message="Gateway worker timing remained within target"
timestamp=2026-08-20T16:31:12.000Z level=DEBUG subsystem=Modbus eventCode=MODBUS_READ_OK entityId=PUMP-01 site=NORTH-RIDGE-17 gateway=GW-204 firmware=3.14.7 interface=rs485-1 latencyMs=30 queueDepth=3 reconnectCount=0 rssiDbm=-63 diskUsagePct=41 message="Field device register read completed"
timestamp=2026-08-20T16:31:24.000Z level=INFO subsystem=Telemetry eventCode=UPLOAD_OK entityId=PUMP-02 site=NORTH-RIDGE-17 gateway=GW-204 firmware=3.14.7 interface=cell0 latencyMs=34 queueDepth=4 reconnectCount=0 rssiDbm=-64 diskUsagePct=42 message="Telemetry batch uploaded successfully"
timestamp=2026-08-20T16:31:36.000Z level=INFO subsystem=Network eventCode=LINK_HEALTH entityId=RTU-07 site=NORTH-RIDGE-17 gateway=GW-204 firmware=3.14.7 interface=cell0 latencyMs=38 queueDepth=5 reconnectCount=0 rssiDbm=-65 diskUsagePct=43 message="Cellular link health check completed"
timestamp=2026-08-20T16:31:48.000Z level=DEBUG subsystem=Storage eventCode=BUFFER_STABLE entityId=PLC-03 site=NORTH-RIDGE-17 gateway=GW-204 firmware=3.14.7 interface=rs485-1 latencyMs=42 queueDepth=6 reconnectCount=0 rssiDbm=-66 diskUsagePct=44 message="Local telemetry buffer remained within target"
timestamp=2026-08-20T16:32:00.000Z level=INFO subsystem=Sync eventCode=SYNC_OK entityId=FLOW-12 site=NORTH-RIDGE-17 gateway=GW-204 firmware=3.14.7 interface=cell0 latencyMs=46 queueDepth=2 reconnectCount=0 rssiDbm=-63 diskUsagePct=45 message="Upstream synchronization completed"
timestamp=2026-08-20T16:32:12.000Z level=INFO subsystem=Watchdog eventCode=WORKER_HEALTH entityId=PRESS-04 site=NORTH-RIDGE-17 gateway=GW-204 firmware=3.14.7 interface=rs485-1 latencyMs=50 queueDepth=3 reconnectCount=0 rssiDbm=-64 diskUsagePct=46 message="Gateway worker timing remained within target"
timestamp=2026-08-20T16:32:24.000Z level=DEBUG subsystem=Modbus eventCode=MODBUS_READ_OK entityId=PUMP-01 site=NORTH-RIDGE-17 gateway=GW-204 firmware=3.14.7 interface=rs485-1 latencyMs=18 queueDepth=4 reconnectCount=0 rssiDbm=-65 diskUsagePct=41 message="Field device register read completed"
timestamp=2026-08-20T16:32:36.000Z level=INFO subsystem=Telemetry eventCode=UPLOAD_OK entityId=PUMP-02 site=NORTH-RIDGE-17 gateway=GW-204 firmware=3.14.7 interface=cell0 latencyMs=22 queueDepth=5 reconnectCount=0 rssiDbm=-66 diskUsagePct=42 message="Telemetry batch uploaded successfully"
timestamp=2026-08-20T16:32:48.000Z level=INFO subsystem=Network eventCode=LINK_HEALTH entityId=RTU-07 site=NORTH-RIDGE-17 gateway=GW-204 firmware=3.14.7 interface=cell0 latencyMs=26 queueDepth=6 reconnectCount=0 rssiDbm=-63 diskUsagePct=43 message="Cellular link health check completed"
timestamp=2026-08-20T16:33:00.000Z level=DEBUG subsystem=Storage eventCode=BUFFER_STABLE entityId=PLC-03 site=NORTH-RIDGE-17 gateway=GW-204 firmware=3.14.7 interface=rs485-1 latencyMs=30 queueDepth=2 reconnectCount=0 rssiDbm=-64 diskUsagePct=44 message="Local telemetry buffer remained within target"
timestamp=2026-08-20T16:33:12.000Z level=INFO subsystem=Sync eventCode=SYNC_OK entityId=FLOW-12 site=NORTH-RIDGE-17 gateway=GW-204 firmware=3.14.7 interface=cell0 latencyMs=34 queueDepth=3 reconnectCount=0 rssiDbm=-65 diskUsagePct=45 message="Upstream synchronization completed"
timestamp=2026-08-20T16:33:24.000Z level=INFO subsystem=Watchdog eventCode=WORKER_HEALTH entityId=PRESS-04 site=NORTH-RIDGE-17 gateway=GW-204 firmware=3.14.7 interface=rs485-1 latencyMs=38 queueDepth=4 reconnectCount=0 rssiDbm=-66 diskUsagePct=46 message="Gateway worker timing remained within target"
timestamp=2026-08-20T16:33:36.000Z level=DEBUG subsystem=Modbus eventCode=MODBUS_READ_OK entityId=PUMP-01 site=NORTH-RIDGE-17 gateway=GW-204 firmware=3.14.7 interface=rs485-1 latencyMs=42 queueDepth=5 reconnectCount=0 rssiDbm=-63 diskUsagePct=41 message="Field device register read completed"
timestamp=2026-08-20T16:33:48.000Z level=INFO subsystem=Telemetry eventCode=UPLOAD_OK entityId=PUMP-02 site=NORTH-RIDGE-17 gateway=GW-204 firmware=3.14.7 interface=cell0 latencyMs=46 queueDepth=6 reconnectCount=0 rssiDbm=-64 diskUsagePct=42 message="Telemetry batch uploaded successfully"
timestamp=2026-08-20T16:34:00.000Z level=INFO subsystem=Network eventCode=LINK_HEALTH entityId=RTU-07 site=NORTH-RIDGE-17 gateway=GW-204 firmware=3.14.7 interface=cell0 latencyMs=50 queueDepth=2 reconnectCount=0 rssiDbm=-65 diskUsagePct=43 message="Cellular link health check completed"
timestamp=2026-08-20T16:34:12.000Z level=DEBUG subsystem=Storage eventCode=BUFFER_STABLE entityId=PLC-03 site=NORTH-RIDGE-17 gateway=GW-204 firmware=3.14.7 interface=rs485-1 latencyMs=18 queueDepth=3 reconnectCount=0 rssiDbm=-66 diskUsagePct=44 message="Local telemetry buffer remained within target"
timestamp=2026-08-20T16:34:24.000Z level=INFO subsystem=Sync eventCode=SYNC_OK entityId=FLOW-12 site=NORTH-RIDGE-17 gateway=GW-204 firmware=3.14.7 interface=cell0 latencyMs=22 queueDepth=4 reconnectCount=0 rssiDbm=-63 diskUsagePct=45 message="Upstream synchronization completed"
timestamp=2026-08-20T16:34:36.000Z level=INFO subsystem=Watchdog eventCode=WORKER_HEALTH entityId=PRESS-04 site=NORTH-RIDGE-17 gateway=GW-204 firmware=3.14.7 interface=rs485-1 latencyMs=26 queueDepth=5 reconnectCount=0 rssiDbm=-64 diskUsagePct=46 message="Gateway worker timing remained within target"
timestamp=2026-08-20T16:34:48.000Z level=DEBUG subsystem=Modbus eventCode=MODBUS_READ_OK entityId=PUMP-01 site=NORTH-RIDGE-17 gateway=GW-204 firmware=3.14.7 interface=rs485-1 latencyMs=30 queueDepth=6 reconnectCount=0 rssiDbm=-65 diskUsagePct=41 message="Field device register read completed"
timestamp=2026-08-20T16:35:00.000Z level=INFO subsystem=Telemetry eventCode=UPLOAD_OK entityId=PUMP-02 site=NORTH-RIDGE-17 gateway=GW-204 firmware=3.14.7 interface=cell0 latencyMs=34 queueDepth=2 reconnectCount=0 rssiDbm=-66 diskUsagePct=42 message="Telemetry batch uploaded successfully"
timestamp=2026-08-20T16:35:12.000Z level=INFO subsystem=Network eventCode=LINK_HEALTH entityId=RTU-07 site=NORTH-RIDGE-17 gateway=GW-204 firmware=3.14.7 interface=cell0 latencyMs=38 queueDepth=3 reconnectCount=0 rssiDbm=-63 diskUsagePct=43 message="Cellular link health check completed"
timestamp=2026-08-20T16:35:24.000Z level=DEBUG subsystem=Storage eventCode=BUFFER_STABLE entityId=PLC-03 site=NORTH-RIDGE-17 gateway=GW-204 firmware=3.14.7 interface=rs485-1 latencyMs=42 queueDepth=4 reconnectCount=0 rssiDbm=-64 diskUsagePct=44 message="Local telemetry buffer remained within target"
timestamp=2026-08-20T16:35:36.000Z level=INFO subsystem=Sync eventCode=SYNC_OK entityId=FLOW-12 site=NORTH-RIDGE-17 gateway=GW-204 firmware=3.14.7 interface=cell0 latencyMs=46 queueDepth=5 reconnectCount=0 rssiDbm=-65 diskUsagePct=45 message="Upstream synchronization completed"
timestamp=2026-08-20T16:35:48.000Z level=INFO subsystem=Watchdog eventCode=WORKER_HEALTH entityId=PRESS-04 site=NORTH-RIDGE-17 gateway=GW-204 firmware=3.14.7 interface=rs485-1 latencyMs=50 queueDepth=6 reconnectCount=0 rssiDbm=-66 diskUsagePct=46 message="Gateway worker timing remained within target"
timestamp=2026-08-20T16:36:00.000Z level=DEBUG subsystem=Modbus eventCode=MODBUS_READ_OK entityId=PUMP-01 site=NORTH-RIDGE-17 gateway=GW-204 firmware=3.14.7 interface=rs485-1 latencyMs=18 queueDepth=2 reconnectCount=0 rssiDbm=-63 diskUsagePct=41 message="Field device register read completed"
timestamp=2026-08-20T16:36:12.000Z level=INFO subsystem=Telemetry eventCode=UPLOAD_OK entityId=PUMP-02 site=NORTH-RIDGE-17 gateway=GW-204 firmware=3.14.7 interface=cell0 latencyMs=22 queueDepth=3 reconnectCount=0 rssiDbm=-64 diskUsagePct=42 message="Telemetry batch uploaded successfully"
timestamp=2026-08-20T16:36:24.000Z level=INFO subsystem=Network eventCode=LINK_HEALTH entityId=RTU-07 site=NORTH-RIDGE-17 gateway=GW-204 firmware=3.14.7 interface=cell0 latencyMs=26 queueDepth=4 reconnectCount=0 rssiDbm=-65 diskUsagePct=43 message="Cellular link health check completed"
timestamp=2026-08-20T16:36:36.000Z level=DEBUG subsystem=Storage eventCode=BUFFER_STABLE entityId=PLC-03 site=NORTH-RIDGE-17 gateway=GW-204 firmware=3.14.7 interface=rs485-1 latencyMs=30 queueDepth=5 reconnectCount=0 rssiDbm=-66 diskUsagePct=44 message="Local telemetry buffer remained within target"
timestamp=2026-08-20T16:36:48.000Z level=INFO subsystem=Sync eventCode=SYNC_OK entityId=FLOW-12 site=NORTH-RIDGE-17 gateway=GW-204 firmware=3.14.7 interface=cell0 latencyMs=34 queueDepth=6 reconnectCount=0 rssiDbm=-63 diskUsagePct=45 message="Upstream synchronization completed"
timestamp=2026-08-20T16:37:00.000Z level=INFO subsystem=Watchdog eventCode=WORKER_HEALTH entityId=PRESS-04 site=NORTH-RIDGE-17 gateway=GW-204 firmware=3.14.7 interface=rs485-1 latencyMs=38 queueDepth=2 reconnectCount=0 rssiDbm=-64 diskUsagePct=46 message="Gateway worker timing remained within target"
timestamp=2026-08-20T16:37:12.000Z level=DEBUG subsystem=Modbus eventCode=MODBUS_READ_OK entityId=PUMP-01 site=NORTH-RIDGE-17 gateway=GW-204 firmware=3.14.7 interface=rs485-1 latencyMs=42 queueDepth=3 reconnectCount=0 rssiDbm=-65 diskUsagePct=41 message="Field device register read completed"
timestamp=2026-08-20T16:37:24.000Z level=INFO subsystem=Telemetry eventCode=UPLOAD_OK entityId=PUMP-02 site=NORTH-RIDGE-17 gateway=GW-204 firmware=3.14.7 interface=cell0 latencyMs=46 queueDepth=4 reconnectCount=0 rssiDbm=-66 diskUsagePct=42 message="Telemetry batch uploaded successfully"
timestamp=2026-08-20T16:37:36.000Z level=INFO subsystem=Network eventCode=LINK_HEALTH entityId=RTU-07 site=NORTH-RIDGE-17 gateway=GW-204 firmware=3.14.7 interface=cell0 latencyMs=50 queueDepth=5 reconnectCount=0 rssiDbm=-63 diskUsagePct=43 message="Cellular link health check completed"
timestamp=2026-08-20T16:37:48.000Z level=DEBUG subsystem=Storage eventCode=BUFFER_STABLE entityId=PLC-03 site=NORTH-RIDGE-17 gateway=GW-204 firmware=3.14.7 interface=rs485-1 latencyMs=18 queueDepth=6 reconnectCount=0 rssiDbm=-64 diskUsagePct=44 message="Local telemetry buffer remained within target"
timestamp=2026-08-20T16:38:00.000Z level=INFO subsystem=Sync eventCode=SYNC_OK entityId=FLOW-12 site=NORTH-RIDGE-17 gateway=GW-204 firmware=3.14.7 interface=cell0 latencyMs=22 queueDepth=2 reconnectCount=0 rssiDbm=-65 diskUsagePct=45 message="Upstream synchronization completed"
timestamp=2026-08-20T16:38:12.000Z level=INFO subsystem=Watchdog eventCode=WORKER_HEALTH entityId=PRESS-04 site=NORTH-RIDGE-17 gateway=GW-204 firmware=3.14.7 interface=rs485-1 latencyMs=26 queueDepth=3 reconnectCount=0 rssiDbm=-66 diskUsagePct=46 message="Gateway worker timing remained within target"
timestamp=2026-08-20T16:38:24.000Z level=DEBUG subsystem=Modbus eventCode=MODBUS_READ_OK entityId=PUMP-01 site=NORTH-RIDGE-17 gateway=GW-204 firmware=3.14.7 interface=rs485-1 latencyMs=30 queueDepth=4 reconnectCount=0 rssiDbm=-63 diskUsagePct=41 message="Field device register read completed"
timestamp=2026-08-20T16:38:36.000Z level=INFO subsystem=Telemetry eventCode=UPLOAD_OK entityId=PUMP-02 site=NORTH-RIDGE-17 gateway=GW-204 firmware=3.14.7 interface=cell0 latencyMs=34 queueDepth=5 reconnectCount=0 rssiDbm=-64 diskUsagePct=42 message="Telemetry batch uploaded successfully"
timestamp=2026-08-20T16:38:48.000Z level=INFO subsystem=Network eventCode=LINK_HEALTH entityId=RTU-07 site=NORTH-RIDGE-17 gateway=GW-204 firmware=3.14.7 interface=cell0 latencyMs=38 queueDepth=6 reconnectCount=0 rssiDbm=-65 diskUsagePct=43 message="Cellular link health check completed"
timestamp=2026-08-20T16:39:00.000Z level=DEBUG subsystem=Storage eventCode=BUFFER_STABLE entityId=PLC-03 site=NORTH-RIDGE-17 gateway=GW-204 firmware=3.14.7 interface=rs485-1 latencyMs=42 queueDepth=2 reconnectCount=0 rssiDbm=-66 diskUsagePct=44 message="Local telemetry buffer remained within target"
timestamp=2026-08-20T16:39:12.000Z level=INFO subsystem=Sync eventCode=SYNC_OK entityId=FLOW-12 site=NORTH-RIDGE-17 gateway=GW-204 firmware=3.14.7 interface=cell0 latencyMs=46 queueDepth=3 reconnectCount=0 rssiDbm=-63 diskUsagePct=45 message="Upstream synchronization completed"
timestamp=2026-08-20T16:39:24.000Z level=INFO subsystem=Watchdog eventCode=WORKER_HEALTH entityId=PRESS-04 site=NORTH-RIDGE-17 gateway=GW-204 firmware=3.14.7 interface=rs485-1 latencyMs=50 queueDepth=4 reconnectCount=0 rssiDbm=-64 diskUsagePct=46 message="Gateway worker timing remained within target"
timestamp=2026-08-20T16:39:36.000Z level=DEBUG subsystem=Modbus eventCode=MODBUS_READ_OK entityId=PUMP-01 site=NORTH-RIDGE-17 gateway=GW-204 firmware=3.14.7 interface=rs485-1 latencyMs=18 queueDepth=5 reconnectCount=0 rssiDbm=-65 diskUsagePct=41 message="Field device register read completed"
timestamp=2026-08-20T16:39:48.000Z level=INFO subsystem=Telemetry eventCode=UPLOAD_OK entityId=PUMP-02 site=NORTH-RIDGE-17 gateway=GW-204 firmware=3.14.7 interface=cell0 latencyMs=22 queueDepth=6 reconnectCount=0 rssiDbm=-66 diskUsagePct=42 message="Telemetry batch uploaded successfully"
timestamp=2026-08-20T16:40:00.000Z level=INFO subsystem=Network eventCode=LINK_HEALTH entityId=RTU-07 site=NORTH-RIDGE-17 gateway=GW-204 firmware=3.14.7 interface=cell0 latencyMs=26 queueDepth=2 reconnectCount=0 rssiDbm=-63 diskUsagePct=43 message="Cellular link health check completed"
